Archive member included to satisfy reference by file (symbol)

c:/Users/Vikram Rao/AppData/Roaming/Code/User/globalStorage/bmd.stm32-for-vscode/@xpack-dev-tools/arm-none-eabi-gcc/13.3.1-1.1.1/.content/bin/../lib/gcc/arm-none-eabi/13.3.1/../../../../arm-none-eabi/lib/thumb/v7e-m+fp/hard\libc_nano.a(libc_a-atexit.o)
                              c:/Users/Vikram Rao/AppData/Roaming/Code/User/globalStorage/bmd.stm32-for-vscode/@xpack-dev-tools/arm-none-eabi-gcc/13.3.1-1.1.1/.content/bin/../lib/gcc/arm-none-eabi/13.3.1/../../../../arm-none-eabi/lib/thumb/v7e-m+fp/hard/crt0.o (atexit)
c:/Users/Vikram Rao/AppData/Roaming/Code/User/globalStorage/bmd.stm32-for-vscode/@xpack-dev-tools/arm-none-eabi-gcc/13.3.1-1.1.1/.content/bin/../lib/gcc/arm-none-eabi/13.3.1/../../../../arm-none-eabi/lib/thumb/v7e-m+fp/hard\libc_nano.a(libc_a-exit.o)
                              c:/Users/Vikram Rao/AppData/Roaming/Code/User/globalStorage/bmd.stm32-for-vscode/@xpack-dev-tools/arm-none-eabi-gcc/13.3.1-1.1.1/.content/bin/../lib/gcc/arm-none-eabi/13.3.1/../../../../arm-none-eabi/lib/thumb/v7e-m+fp/hard/crt0.o (exit)
c:/Users/Vikram Rao/AppData/Roaming/Code/User/globalStorage/bmd.stm32-for-vscode/@xpack-dev-tools/arm-none-eabi-gcc/13.3.1-1.1.1/.content/bin/../lib/gcc/arm-none-eabi/13.3.1/../../../../arm-none-eabi/lib/thumb/v7e-m+fp/hard\libc_nano.a(libc_a-findfp.o)
                              c:/Users/Vikram Rao/AppData/Roaming/Code/User/globalStorage/bmd.stm32-for-vscode/@xpack-dev-tools/arm-none-eabi-gcc/13.3.1-1.1.1/.content/bin/../lib/gcc/arm-none-eabi/13.3.1/../../../../arm-none-eabi/lib/thumb/v7e-m+fp/hard\libc_nano.a(libc_a-exit.o) (__stdio_exit_handler)
c:/Users/Vikram Rao/AppData/Roaming/Code/User/globalStorage/bmd.stm32-for-vscode/@xpack-dev-tools/arm-none-eabi-gcc/13.3.1-1.1.1/.content/bin/../lib/gcc/arm-none-eabi/13.3.1/../../../../arm-none-eabi/lib/thumb/v7e-m+fp/hard\libc_nano.a(libc_a-fwalk.o)
                              c:/Users/Vikram Rao/AppData/Roaming/Code/User/globalStorage/bmd.stm32-for-vscode/@xpack-dev-tools/arm-none-eabi-gcc/13.3.1-1.1.1/.content/bin/../lib/gcc/arm-none-eabi/13.3.1/../../../../arm-none-eabi/lib/thumb/v7e-m+fp/hard\libc_nano.a(libc_a-findfp.o) (_fwalk_sglue)
c:/Users/Vikram Rao/AppData/Roaming/Code/User/globalStorage/bmd.stm32-for-vscode/@xpack-dev-tools/arm-none-eabi-gcc/13.3.1-1.1.1/.content/bin/../lib/gcc/arm-none-eabi/13.3.1/../../../../arm-none-eabi/lib/thumb/v7e-m+fp/hard\libc_nano.a(libc_a-stdio.o)
                              c:/Users/Vikram Rao/AppData/Roaming/Code/User/globalStorage/bmd.stm32-for-vscode/@xpack-dev-tools/arm-none-eabi-gcc/13.3.1-1.1.1/.content/bin/../lib/gcc/arm-none-eabi/13.3.1/../../../../arm-none-eabi/lib/thumb/v7e-m+fp/hard\libc_nano.a(libc_a-findfp.o) (__sread)
c:/Users/Vikram Rao/AppData/Roaming/Code/User/globalStorage/bmd.stm32-for-vscode/@xpack-dev-tools/arm-none-eabi-gcc/13.3.1-1.1.1/.content/bin/../lib/gcc/arm-none-eabi/13.3.1/../../../../arm-none-eabi/lib/thumb/v7e-m+fp/hard\libc_nano.a(libc_a-memset.o)
                              c:/Users/Vikram Rao/AppData/Roaming/Code/User/globalStorage/bmd.stm32-for-vscode/@xpack-dev-tools/arm-none-eabi-gcc/13.3.1-1.1.1/.content/bin/../lib/gcc/arm-none-eabi/13.3.1/../../../../arm-none-eabi/lib/thumb/v7e-m+fp/hard/crt0.o (memset)
c:/Users/Vikram Rao/AppData/Roaming/Code/User/globalStorage/bmd.stm32-for-vscode/@xpack-dev-tools/arm-none-eabi-gcc/13.3.1-1.1.1/.content/bin/../lib/gcc/arm-none-eabi/13.3.1/../../../../arm-none-eabi/lib/thumb/v7e-m+fp/hard\libc_nano.a(libc_a-closer.o)
                              c:/Users/Vikram Rao/AppData/Roaming/Code/User/globalStorage/bmd.stm32-for-vscode/@xpack-dev-tools/arm-none-eabi-gcc/13.3.1-1.1.1/.content/bin/../lib/gcc/arm-none-eabi/13.3.1/../../../../arm-none-eabi/lib/thumb/v7e-m+fp/hard\libc_nano.a(libc_a-stdio.o) (_close_r)
c:/Users/Vikram Rao/AppData/Roaming/Code/User/globalStorage/bmd.stm32-for-vscode/@xpack-dev-tools/arm-none-eabi-gcc/13.3.1-1.1.1/.content/bin/../lib/gcc/arm-none-eabi/13.3.1/../../../../arm-none-eabi/lib/thumb/v7e-m+fp/hard\libc_nano.a(libc_a-reent.o)
                              c:/Users/Vikram Rao/AppData/Roaming/Code/User/globalStorage/bmd.stm32-for-vscode/@xpack-dev-tools/arm-none-eabi-gcc/13.3.1-1.1.1/.content/bin/../lib/gcc/arm-none-eabi/13.3.1/../../../../arm-none-eabi/lib/thumb/v7e-m+fp/hard\libc_nano.a(libc_a-closer.o) (errno)
c:/Users/Vikram Rao/AppData/Roaming/Code/User/globalStorage/bmd.stm32-for-vscode/@xpack-dev-tools/arm-none-eabi-gcc/13.3.1-1.1.1/.content/bin/../lib/gcc/arm-none-eabi/13.3.1/../../../../arm-none-eabi/lib/thumb/v7e-m+fp/hard\libc_nano.a(libc_a-impure.o)
                              c:/Users/Vikram Rao/AppData/Roaming/Code/User/globalStorage/bmd.stm32-for-vscode/@xpack-dev-tools/arm-none-eabi-gcc/13.3.1-1.1.1/.content/bin/../lib/gcc/arm-none-eabi/13.3.1/../../../../arm-none-eabi/lib/thumb/v7e-m+fp/hard\libc_nano.a(libc_a-reent.o) (_impure_ptr)
[...]
Memory Configuration

Name             Origin             Length             Attributes
RAM              0x20000000         0x00018000         xrw
FLASH            0x08000000         0x00080000         xr
*default*        0x00000000         0xffffffff

Linker script and memory map

LOAD c:/Users/Vikram Rao/AppData/Roaming/Code/User/globalStorage/bmd.stm32-for-vscode/@xpack-dev-tools/arm-none-eabi-gcc/13.3.1-1.1.1/.content/bin/../lib/gcc/arm-none-eabi/13.3.1/thumb/v7e-m+fp/hard/crti.o
LOAD c:/Users/Vikram Rao/AppData/Roaming/Code/User/globalStorage/bmd.stm32-for-vscode/@xpack-dev-tools/arm-none-eabi-gcc/13.3.1-1.1.1/.content/bin/../lib/gcc/arm-none-eabi/13.3.1/thumb/v7e-m+fp/hard/crtbegin.o
LOAD c:/Users/Vikram Rao/AppData/Roaming/Code/User/globalStorage/bmd.stm32-for-vscode/@xpack-dev-tools/arm-none-eabi-gcc/13.3.1-1.1.1/.content/bin/../lib/gcc/arm-none-eabi/13.3.1/../../../../arm-none-eabi/lib/thumb/v7e-m+fp/hard/crt0.o
LOAD build/debug/main.o
LOAD build/debug/stm32f4xx_hal.o
LOAD build/debug/stm32f4xx_hal_cortex.o
LOAD build/debug/stm32f4xx_hal_dma.o
LOAD build/debug/stm32f4xx_hal_dma_ex.o
LOAD build/debug/stm32f4xx_hal_exti.o
LOAD build/debug/stm32f4xx_hal_flash.o
LOAD build/debug/stm32f4xx_hal_flash_ex.o
LOAD build/debug/stm32f4xx_hal_flash_ramfunc.o
LOAD build/debug/stm32f4xx_hal_gpio.o
LOAD build/debug/stm32f4xx_hal_msp.o
LOAD build/debug/stm32f4xx_hal_pwr.o
LOAD build/debug/stm32f4xx_hal_pwr_ex.o
LOAD build/debug/stm32f4xx_hal_rcc.o
LOAD build/debug/stm32f4xx_hal_rcc_ex.o
LOAD build/debug/stm32f4xx_hal_tim.o
LOAD build/debug/stm32f4xx_hal_tim_ex.o
LOAD build/debug/stm32f4xx_hal_uart.o
LOAD build/debug/stm32f4xx_it.o
LOAD build/debug/syscalls.o
LOAD build/debug/sysmem.o
LOAD build/debug/system_stm32f4xx.o
LOAD build/debug/startup_stm32f401xe.o
LOAD c:/Users/Vikram Rao/AppData/Roaming/Code/User/globalStorage/bmd.stm32-for-vscode/@xpack-dev-tools/arm-none-eabi-gcc/13.3.1-1.1.1/.content/bin/../lib/gcc/arm-none-eabi/13.3.1/../../../../arm-none-eabi/lib/thumb/v7e-m+fp/hard\libc_nano.a
LOAD c:/Users/Vikram Rao/AppData/Roaming/Code/User/globalStorage/bmd.stm32-for-vscode/@xpack-dev-tools/arm-none-eabi-gcc/13.3.1-1.1.1/.content/bin/../lib/gcc/arm-none-eabi/13.3.1/../../../../arm-none-eabi/lib/thumb/v7e-m+fp/hard\libm.a
LOAD c:/Users/Vikram Rao/AppData/Roaming/Code/User/globalStorage/bmd.stm32-for-vscode/@xpack-dev-tools/arm-none-eabi-gcc/13.3.1-1.1.1/.content/bin/../lib/gcc/arm-none-eabi/13.3.1/../../../../arm-none-eabi/lib/thumb/v7e-m+fp/hard\libnosys.a
START GROUP
LOAD c:/Users/Vikram Rao/AppData/Roaming/Code/User/globalStorage/bmd.stm32-for-vscode/@xpack-dev-tools/arm-none-eabi-gcc/13.3.1-1.1.1/.content/bin/../lib/gcc/arm-none-eabi/13.3.1/thumb/v7e-m+fp/hard\libgcc.a
LOAD c:/Users/Vikram Rao/AppData/Roaming/Code/User/globalStorage/bmd.stm32-for-vscode/@xpack-dev-tools/arm-none-eabi-gcc/13.3.1-1.1.1/.content/bin/../lib/gcc/arm-none-eabi/13.3.1/../../../../arm-none-eabi/lib/thumb/v7e-m+fp/hard\libc_nano.a
END GROUP
START GROUP
LOAD c:/Users/Vikram Rao/AppData/Roaming/Code/User/globalStorage/bmd.stm32-for-vscode/@xpack-dev-tools/arm-none-eabi-gcc/13.3.1-1.1.1/.content/bin/../lib/gcc/arm-none-eabi/13.3.1/thumb/v7e-m+fp/hard\libgcc.a
LOAD c:/Users/Vikram Rao/AppData/Roaming/Code/User/globalStorage/bmd.stm32-for-vscode/@xpack-dev-tools/arm-none-eabi-gcc/13.3.1-1.1.1/.content/bin/../lib/gcc/arm-none-eabi/13.3.1/../../../../arm-none-eabi/lib/thumb/v7e-m+fp/hard\libc_nano.a
END GROUP
LOAD c:/Users/Vikram Rao/AppData/Roaming/Code/User/globalStorage/bmd.stm32-for-vscode/@xpack-dev-tools/arm-none-eabi-gcc/13.3.1-1.1.1/.content/bin/../lib/gcc/arm-none-eabi/13.3.1/thumb/v7e-m+fp/hard/crtend.o
LOAD c:/Users/Vikram Rao/AppData/Roaming/Code/User/globalStorage/bmd.stm32-for-vscode/@xpack-dev-tools/arm-none-eabi-gcc/13.3.1-1.1.1/.content/bin/../lib/gcc/arm-none-eabi/13.3.1/thumb/v7e-m+fp/hard/crtn.o
                0x20018000                        _estack = (ORIGIN (RAM) + LENGTH (RAM))
                0x00000200                        _Min_Heap_Size = 0x200
                0x00000400                        _Min_Stack_Size = 0x400

.isr_vector     0x08000000      0x194
                0x08000000                        . = ALIGN (0x4)
 *(.isr_vector)
 .isr_vector    0x08000000      0x194 build/debug/startup_stm32f401xe.o
                0x08000000                g_pfnVectors
                0x08000194                        . = ALIGN (0x4)

.text           0x08000198     0x22a0
                0x08000198                        . = ALIGN (0x4)
 *(.text)
 .text          0x08000198      0x378 c:/Users/Vikram Rao/AppData/Roaming/Code/User/globalStorage/bmd.stm32-for-vscode/@xpack-dev-tools/arm-none-eabi-gcc/13.3.1-1.1.1/.content/bin/../lib/gcc/arm-none-eabi/13.3.1/thumb/v7e-m+fp/hard\libgcc.a(_arm_addsubdf3.o)
                0x08000198                __aeabi_drsub
                0x080001a0                __aeabi_dsub
                0x080001a0                __subdf3
                0x080001a4                __aeabi_dadd
                0x080001a4                __adddf3
                0x0800041c                __floatunsidf
                0x0800041c                __aeabi_ui2d
                0x0800043c                __floatsidf
                0x0800043c                __aeabi_i2d
                0x08000460                __aeabi_f2d
                0x08000460                __extendsfdf2
                0x080004a4                __floatundidf
                0x080004a4                __aeabi_ul2d
                0x080004b4                __floatdidf
                0x080004b4                __aeabi_l2d
 .text          0x08000510      0x424 c:/Users/Vikram Rao/AppData/Roaming/Code/User/globalStorage/bmd.stm32-for-vscode/@xpack-dev-tools/arm-none-eabi-gcc/13.3.1-1.1.1/.content/bin/../lib/gcc/arm-none-eabi/13.3.1/thumb/v7e-m+fp/hard\libgcc.a(_arm_muldivdf3.o)
                0x08000510                __aeabi_dmul
                0x08000510                __muldf3
                0x08000764                __divdf3
                0x08000764                __aeabi_ddiv
 .text          0x08000934      0x110 c:/Users/Vikram Rao/AppData/Roaming/Code/User/globalStorage/bmd.stm32-for-vscode/@xpack-dev-tools/arm-none-eabi-gcc/13.3.1-1.1.1/.content/bin/../lib/gcc/arm-none-eabi/13.3.1/thumb/v7e-m+fp/hard\libgcc.a(_arm_cmpdf2.o)
                0x08000934                __gtdf2
                0x08000934                __gedf2
                0x0800093c                __ltdf2
                0x0800093c                __ledf2
                0x08000944                __nedf2
                0x08000944                __eqdf2
                0x08000944                __cmpdf2
                0x080009c0                __aeabi_cdrcmple
                0x080009d0                __aeabi_cdcmpeq
                0x080009d0                __aeabi_cdcmple
                0x080009e0                __aeabi_dcmpeq
                0x080009f4                __aeabi_dcmplt
                0x08000a08                __aeabi_dcmple
                0x08000a1c                __aeabi_dcmpge
                0x08000a30                __aeabi_dcmpgt
 .text          0x08000a44       0xa0 c:/Users/Vikram Rao/AppData/Roaming/Code/User/globalStorage/bmd.stm32-for-vscode/@xpack-dev-tools/arm-none-eabi-gcc/13.3.1-1.1.1/.content/bin/../lib/gcc/arm-none-eabi/13.3.1/thumb/v7e-m+fp/hard\libgcc.a(_arm_truncdfsf2.o)
                0x08000a44                __truncdfsf2
                0x08000a44                __aeabi_d2f
 .text          0x08000ae4       0x30 c:/Users/Vikram Rao/AppData/Roaming/Code/User/globalStorage/bmd.stm32-for-vscode/@xpack-dev-tools/arm-none-eabi-gcc/13.3.1-1.1.1/.content/bin/../lib/gcc/arm-none-eabi/13.3.1/thumb/v7e-m+fp/hard\libgcc.a(_aeabi_uldivmod.o)
                0x08000ae4                __aeabi_uldivmod
 .text          0x08000b14        0x4 c:/Users/Vikram Rao/AppData/Roaming/Code/User/globalStorage/bmd.stm32-for-vscode/@xpack-dev-tools/arm-none-eabi-gcc/13.3.1-1.1.1/.content/bin/../lib/gcc/arm-none-eabi/13.3.1/thumb/v7e-m+fp/hard\libgcc.a(_dvmd_tls.o)
                0x08000b14                __aeabi_idiv0
                0x08000b14                __aeabi_ldiv0
 *(.text*)
 .text.__do_global_dtors_aux
                0x08000b18       0x24 c:/Users/Vikram Rao/AppData/Roaming/Code/User/globalStorage/bmd.stm32-for-vscode/@xpack-dev-tools/arm-none-eabi-gcc/13.3.1-1.1.1/.content/bin/../lib/gcc/arm-none-eabi/13.3.1/thumb/v7e-m+fp/hard/crtbegin.o
 .text.frame_dummy
                0x08000b3c       0x1c c:/Users/Vikram Rao/AppData/Roaming/Code/User/globalStorage/bmd.stm32-for-vscode/@xpack-dev-tools/arm-none-eabi-gcc/13.3.1-1.1.1/.content/bin/../lib/gcc/arm-none-eabi/13.3.1/thumb/v7e-m+fp/hard/crtbegin.o
 .text.MX_GPIO_Init
                0x08000b58       0xd0 build/debug/main.o
 .text.HAL_GPIO_EXTI_Callback
                0x08000c28      0x128 build/debug/main.o
                0x08000c28                HAL_GPIO_EXTI_Callback
 .text.Error_Handler
                0x08000d50        0x4 build/debug/main.o
                0x08000d50                Error_Handler
 .text.MX_USART2_UART_Init
                0x08000d54       0x34 build/debug/main.o
 .text.MX_TIM2_Init
                0x08000d88       0x68 build/debug/main.o
 .text.MX_USART1_UART_Init
                0x08000df0       0x34 build/debug/main.o
 .text.SystemClock_Config
                0x08000e24       0xa4 build/debug/main.o
                0x08000e24                SystemClock_Config
 .text.main     0x08000ec8       0x28 build/debug/main.o
                0x08000ec8                main
 .text.HAL_InitTick
                0x08000ef0       0x4c build/debug/stm32f4xx_hal.o
                0x08000ef0                HAL_InitTick
 .text.HAL_Init
                0x08000f3c       0x34 build/debug/stm32f4xx_hal.o
                0x08000f3c                HAL_Init
 .text.HAL_IncTick
                0x08000f70       0x18 build/debug/stm32f4xx_hal.o
                0x08000f70                HAL_IncTick
 .text.HAL_GetTick
                0x08000f88        0xc build/debug/stm32f4xx_hal.o
                0x08000f88                HAL_GetTick
 .text.__NVIC_EnableIRQ
                0x08000f94       0x1c build/debug/stm32f4xx_hal_cortex.o
 .text.__NVIC_SetPriority
                0x08000fb0       0x28 build/debug/stm32f4xx_hal_cortex.o
 .text.NVIC_EncodePriority
                0x08000fd8       0x3e build/debug/stm32f4xx_hal_cortex.o
 *fill*         0x08001016        0x2 
 .text.HAL_NVIC_SetPriorityGrouping
                0x08001018       0x24 build/debug/stm32f4xx_hal_cortex.o
                0x08001018                HAL_NVIC_SetPriorityGrouping
 .text.HAL_NVIC_SetPriority
                0x0800103c       0x20 build/debug/stm32f4xx_hal_cortex.o
                0x0800103c                HAL_NVIC_SetPriority
 .text.HAL_NVIC_EnableIRQ
                0x0800105c        0x8 build/debug/stm32f4xx_hal_cortex.o
                0x0800105c                HAL_NVIC_EnableIRQ
 .text.HAL_SYSTICK_Config
                0x08001064       0x28 build/debug/stm32f4xx_hal_cortex.o
                0x08001064                HAL_SYSTICK_Config
 .text.HAL_GPIO_Init
                0x0800108c      0x1c8 build/debug/stm32f4xx_hal_gpio.o
                0x0800108c                HAL_GPIO_Init
 .text.HAL_GPIO_WritePin
                0x08001254        0xc build/debug/stm32f4xx_hal_gpio.o
                0x08001254                HAL_GPIO_WritePin
 .text.HAL_GPIO_EXTI_IRQHandler
                0x08001260       0x1c build/debug/stm32f4xx_hal_gpio.o
                0x08001260                HAL_GPIO_EXTI_IRQHandler
 .text.HAL_MspInit
                0x0800127c       0x38 build/debug/stm32f4xx_hal_msp.o
                0x0800127c                HAL_MspInit
 .text.HAL_TIM_Base_MspInit
                0x080012b4       0x3c build/debug/stm32f4xx_hal_msp.o
                0x080012b4                HAL_TIM_Base_MspInit
 .text.HAL_UART_MspInit
                0x080012f0       0xc0 build/debug/stm32f4xx_hal_msp.o
                0x080012f0                HAL_UART_MspInit
 .text.HAL_RCC_OscConfig
                0x080013b0      0x3f8 build/debug/stm32f4xx_hal_rcc.o
                0x080013b0                HAL_RCC_OscConfig
 .text.HAL_RCC_GetSysClockFreq
                0x080017a8       0xdc build/debug/stm32f4xx_hal_rcc.o
                0x080017a8                HAL_RCC_GetSysClockFreq
 .text.HAL_RCC_ClockConfig
                0x08001884      0x160 build/debug/stm32f4xx_hal_rcc.o
                0x08001884                HAL_RCC_ClockConfig
 .text.HAL_RCC_GetHCLKFreq
                0x080019e4        0xc build/debug/stm32f4xx_hal_rcc.o
                0x080019e4                HAL_RCC_GetHCLKFreq
 .text.HAL_RCC_GetPCLK1Freq
                0x080019f0       0x20 build/debug/stm32f4xx_hal_rcc.o
                0x080019f0                HAL_RCC_GetPCLK1Freq
 .text.HAL_RCC_GetPCLK2Freq
                0x08001a10       0x20 build/debug/stm32f4xx_hal_rcc.o
                0x08001a10                HAL_RCC_GetPCLK2Freq
 .text.TIM_TI1_ConfigInputStage
                0x08001a30       0x26 build/debug/stm32f4xx_hal_tim.o
 .text.TIM_TI2_ConfigInputStage
                0x08001a56       0x28 build/debug/stm32f4xx_hal_tim.o
 .text.TIM_ITRx_SetConfig
                0x08001a7e       0x10 build/debug/stm32f4xx_hal_tim.o
 *fill*         0x08001a8e        0x2 
 .text.HAL_TIM_Base_Start
                0x08001a90       0x6c build/debug/stm32f4xx_hal_tim.o
                0x08001a90                HAL_TIM_Base_Start
 .text.HAL_TIM_PeriodElapsedCallback
                0x08001afc        0x2 build/debug/stm32f4xx_hal_tim.o
                0x08001afc                HAL_TIM_PeriodElapsedCallback
 .text.HAL_TIM_OC_DelayElapsedCallback
                0x08001afe        0x2 build/debug/stm32f4xx_hal_tim.o
                0x08001afe                HAL_TIM_OC_DelayElapsedCallback
 .text.HAL_TIM_IC_CaptureCallback
                0x08001b00        0x2 build/debug/stm32f4xx_hal_tim.o
                0x08001b00                HAL_TIM_IC_CaptureCallback
 .text.HAL_TIM_PWM_PulseFinishedCallback
                0x08001b02        0x2 build/debug/stm32f4xx_hal_tim.o
                0x08001b02                HAL_TIM_PWM_PulseFinishedCallback
 .text.HAL_TIM_TriggerCallback
                0x08001b04        0x2 build/debug/stm32f4xx_hal_tim.o
                0x08001b04                HAL_TIM_TriggerCallback
 .text.HAL_TIM_IRQHandler
                0x08001b06      0x15e build/debug/stm32f4xx_hal_tim.o
                0x08001b06                HAL_TIM_IRQHandler
 .text.TIM_Base_SetConfig
                0x08001c64       0xac build/debug/stm32f4xx_hal_tim.o
                0x08001c64                TIM_Base_SetConfig
 .text.HAL_TIM_Base_Init
                0x08001d10       0x58 build/debug/stm32f4xx_hal_tim.o
                0x08001d10                HAL_TIM_Base_Init
 .text.TIM_ETR_SetConfig
                0x08001d68       0x1a build/debug/stm32f4xx_hal_tim.o
                0x08001d68                TIM_ETR_SetConfig
 .text.HAL_TIM_ConfigClockSource
                0x08001d82       0xfe build/debug/stm32f4xx_hal_tim.o
                0x08001d82                HAL_TIM_ConfigClockSource
 .text.HAL_TIMEx_MasterConfigSynchronization
                0x08001e80       0x7c build/debug/stm32f4xx_hal_tim_ex.o
                0x08001e80                HAL_TIMEx_MasterConfigSynchronization
 .text.HAL_TIMEx_CommutCallback
                0x08001efc        0x2 build/debug/stm32f4xx_hal_tim_ex.o
                0x08001efc                HAL_TIMEx_CommutCallback
 .text.HAL_TIMEx_BreakCallback
                0x08001efe        0x2 build/debug/stm32f4xx_hal_tim_ex.o
                0x08001efe                HAL_TIMEx_BreakCallback
 .text.UART_SetConfig
                0x08001f00      0x110 build/debug/stm32f4xx_hal_uart.o
 .text.HAL_UART_Init
                0x08002010       0x60 build/debug/stm32f4xx_hal_uart.o
                0x08002010                HAL_UART_Init
 .text.NMI_Handler
                0x08002070        0x2 build/debug/stm32f4xx_it.o
                0x08002070                NMI_Handler
 .text.HardFault_Handler
                0x08002072        0x2 build/debug/stm32f4xx_it.o
                0x08002072                HardFault_Handler
 .text.MemManage_Handler
                0x08002074        0x2 build/debug/stm32f4xx_it.o
                0x08002074                MemManage_Handler
 .text.BusFault_Handler
                0x08002076        0x2 build/debug/stm32f4xx_it.o
                0x08002076                BusFault_Handler
 .text.UsageFault_Handler
                0x08002078        0x2 build/debug/stm32f4xx_it.o
                0x08002078                UsageFault_Handler
 .text.SVC_Handler
                0x0800207a        0x2 build/debug/stm32f4xx_it.o
                0x0800207a                SVC_Handler
 .text.DebugMon_Handler
                0x0800207c        0x2 build/debug/stm32f4xx_it.o
                0x0800207c                DebugMon_Handler
 .text.PendSV_Handler
                0x0800207e        0x2 build/debug/stm32f4xx_it.o
                0x0800207e                PendSV_Handler
 .text.SysTick_Handler
                0x08002080        0x8 build/debug/stm32f4xx_it.o
                0x08002080                SysTick_Handler
 .text.EXTI9_5_IRQHandler
                0x08002088        0xc build/debug/stm32f4xx_it.o
                0x08002088                EXTI9_5_IRQHandler
 .text.TIM2_IRQHandler
                0x08002094       0x10 build/debug/stm32f4xx_it.o
                0x08002094                TIM2_IRQHandler
 .text.SystemInit
                0x080020a4       0x14 build/debug/system_stm32f4xx.o
                0x080020a4                SystemInit
 .text.Reset_Handler
                0x080020b8       0x50 build/debug/startup_stm32f401xe.o
                0x080020b8                Reset_Handler
 .text.Default_Handler
                0x08002108        0x2 build/debug/startup_stm32f401xe.o
                0x08002108                RTC_Alarm_IRQHandler
                0x08002108                EXTI2_IRQHandler
                0x08002108                SPI4_IRQHandler
                0x08002108                TIM1_CC_IRQHandler
                0x08002108                DMA2_Stream5_IRQHandler
                0x08002108                DMA1_Stream5_IRQHandler
                0x08002108                PVD_IRQHandler
                0x08002108                SDIO_IRQHandler
                0x08002108                TAMP_STAMP_IRQHandler
                0x08002108                EXTI3_IRQHandler
                0x08002108                TIM1_UP_TIM10_IRQHandler
                0x08002108                I2C3_ER_IRQHandler
                0x08002108                EXTI0_IRQHandler
                0x08002108                I2C2_EV_IRQHandler
                0x08002108                DMA1_Stream2_IRQHandler
                0x08002108                FPU_IRQHandler
                0x08002108                DMA2_Stream2_IRQHandler
                0x08002108                SPI1_IRQHandler
                0x08002108                TIM1_BRK_TIM9_IRQHandler
                0x08002108                DMA2_Stream3_IRQHandler
                0x08002108                USART6_IRQHandler
                0x08002108                DMA2_Stream0_IRQHandler
                0x08002108                TIM4_IRQHandler
                0x08002108                I2C1_EV_IRQHandler
                0x08002108                DMA1_Stream6_IRQHandler
                0x08002108                DMA1_Stream1_IRQHandler
                0x08002108                TIM3_IRQHandler
                0x08002108                RCC_IRQHandler
                0x08002108                Default_Handler
                0x08002108                EXTI15_10_IRQHandler
                0x08002108                ADC_IRQHandler
                0x08002108                DMA1_Stream7_IRQHandler
                0x08002108                TIM5_IRQHandler
                0x08002108                DMA2_Stream7_IRQHandler
                0x08002108                I2C3_EV_IRQHandler
                0x08002108                RTC_WKUP_IRQHandler
                0x08002108                SPI2_IRQHandler
                0x08002108                DMA1_Stream0_IRQHandler
                0x08002108                EXTI4_IRQHandler
                0x08002108                WWDG_IRQHandler
                0x08002108                OTG_FS_WKUP_IRQHandler
                0x08002108                TIM1_TRG_COM_TIM11_IRQHandler
                0x08002108                EXTI1_IRQHandler
                0x08002108                USART2_IRQHandler
                0x08002108                I2C2_ER_IRQHandler
                0x08002108                DMA2_Stream1_IRQHandler
                0x08002108                FLASH_IRQHandler
                0x08002108                DMA2_Stream4_IRQHandler
                0x08002108                USART1_IRQHandler
                0x08002108                OTG_FS_IRQHandler
                0x08002108                SPI3_IRQHandler
                0x08002108                DMA1_Stream4_IRQHandler
                0x08002108                I2C1_ER_IRQHandler
                0x08002108                DMA2_Stream6_IRQHandler
                0x08002108                DMA1_Stream3_IRQHandler
 .text.memset   0x0800210a       0x10 c:/Users/Vikram Rao/AppData/Roaming/Code/User/globalStorage/bmd.stm32-for-vscode/@xpack-dev-tools/arm-none-eabi-gcc/13.3.1-1.1.1/.content/bin/../lib/gcc/arm-none-eabi/13.3.1/../../../../arm-none-eabi/lib/thumb/v7e-m+fp/hard\libc_nano.a(libc_a-memset.o)
                0x0800210a                memset
 *fill*         0x0800211a        0x2 
 .text.__libc_init_array
                0x0800211c       0x48 c:/Users/Vikram Rao/AppData/Roaming/Code/User/globalStorage/bmd.stm32-for-vscode/@xpack-dev-tools/arm-none-eabi-gcc/13.3.1-1.1.1/.content/bin/../lib/gcc/arm-none-eabi/13.3.1/../../../../arm-none-eabi/lib/thumb/v7e-m+fp/hard\libc_nano.a(libc_a-init.o)
                0x0800211c                __libc_init_array
 .text.__udivmoddi4
                0x08002164      0x2bc c:/Users/Vikram Rao/AppData/Roaming/Code/User/globalStorage/bmd.stm32-for-vscode/@xpack-dev-tools/arm-none-eabi-gcc/13.3.1-1.1.1/.content/bin/../lib/gcc/arm-none-eabi/13.3.1/thumb/v7e-m+fp/hard\libgcc.a(_udivmoddi4.o)
                0x08002164                __udivmoddi4
 *(.glue_7)
 .glue_7        0x08002420        0x0 linker stubs
 *(.glue_7t)
 .glue_7t       0x08002420        0x0 linker stubs
 *(.eh_frame)
 .eh_frame      0x08002420        0x0 c:/Users/Vikram Rao/AppData/Roaming/Code/User/globalStorage/bmd.stm32-for-vscode/@xpack-dev-tools/arm-none-eabi-gcc/13.3.1-1.1.1/.content/bin/../lib/gcc/arm-none-eabi/13.3.1/thumb/v7e-m+fp/hard/crtbegin.o
 *(.init)
 .init          0x08002420        0x4 c:/Users/Vikram Rao/AppData/Roaming/Code/User/globalStorage/bmd.stm32-for-vscode/@xpack-dev-tools/arm-none-eabi-gcc/13.3.1-1.1.1/.content/bin/../lib/gcc/arm-none-eabi/13.3.1/thumb/v7e-m+fp/hard/crti.o
                0x08002420                _init
 .init          0x08002424        0x8 c:/Users/Vikram Rao/AppData/Roaming/Code/User/globalStorage/bmd.stm32-for-vscode/@xpack-dev-tools/arm-none-eabi-gcc/13.3.1-1.1.1/.content/bin/../lib/gcc/arm-none-eabi/13.3.1/thumb/v7e-m+fp/hard/crtn.o
 *(.fini)
 .fini          0x0800242c        0x4 c:/Users/Vikram Rao/AppData/Roaming/Code/User/globalStorage/bmd.stm32-for-vscode/@xpack-dev-tools/arm-none-eabi-gcc/13.3.1-1.1.1/.content/bin/../lib/gcc/arm-none-eabi/13.3.1/thumb/v7e-m+fp/hard/crti.o
                0x0800242c                _fini
 .fini          0x08002430        0x8 c:/Users/Vikram Rao/AppData/Roaming/Code/User/globalStorage/bmd.stm32-for-vscode/@xpack-dev-tools/arm-none-eabi-gcc/13.3.1-1.1.1/.content/bin/../lib/gcc/arm-none-eabi/13.3.1/thumb/v7e-m+fp/hard/crtn.o
                0x08002438                        . = ALIGN (0x4)
                0x08002438                        _etext = .

.vfp11_veneer   0x08002438        0x0
 .vfp11_veneer  0x08002438        0x0 linker stubs

.v4_bx          0x08002438        0x0
 .v4_bx         0x08002438        0x0 linker stubs

.iplt           0x08002438        0x0
 .iplt          0x08002438        0x0 c:/Users/Vikram Rao/AppData/Roaming/Code/User/globalStorage/bmd.stm32-for-vscode/@xpack-dev-tools/arm-none-eabi-gcc/13.3.1-1.1.1/.content/bin/../lib/gcc/arm-none-eabi/13.3.1/thumb/v7e-m+fp/hard/crtbegin.o

.rodata         0x08002438       0x18
                0x08002438                        . = ALIGN (0x4)
 *(.rodata)
 *(.rodata*)
 .rodata.APBPrescTable
                0x08002438        0x8 build/debug/system_stm32f4xx.o
                0x08002438                APBPrescTable
 .rodata.AHBPrescTable
                0x08002440       0x10 build/debug/system_stm32f4xx.o
                0x08002440                AHBPrescTable
                0x08002450                        . = ALIGN (0x4)

.ARM.extab
 *(.ARM.extab* .gnu.linkonce.armextab.*)

.ARM            0x08002450        0x8
                0x08002450                        __exidx_start = .
 *(.ARM.exidx*)
 .ARM.exidx.text.__udivmoddi4
                0x08002450        0x8 c:/Users/Vikram Rao/AppData/Roaming/Code/User/globalStorage/bmd.stm32-for-vscode/@xpack-dev-tools/arm-none-eabi-gcc/13.3.1-1.1.1/.content/bin/../lib/gcc/arm-none-eabi/13.3.1/thumb/v7e-m+fp/hard\libgcc.a(_udivmoddi4.o)
                0x08002458                        __exidx_end = .

.rel.dyn        0x08002458        0x0
 .rel.iplt      0x08002458        0x0 c:/Users/Vikram Rao/AppData/Roaming/Code/User/globalStorage/bmd.stm32-for-vscode/@xpack-dev-tools/arm-none-eabi-gcc/13.3.1-1.1.1/.content/bin/../lib/gcc/arm-none-eabi/13.3.1/thumb/v7e-m+fp/hard/crtbegin.o

.preinit_array  0x08002458        0x0
                0x08002458                        PROVIDE (__preinit_array_start = .)
 *(.preinit_array*)
                0x08002458                        PROVIDE (__preinit_array_end = .)

.init_array     0x08002458        0x4
                0x08002458                        PROVIDE (__init_array_start = .)
 *(SORT_BY_NAME(.init_array.*))
 *(.init_array*)
 .init_array    0x08002458        0x4 c:/Users/Vikram Rao/AppData/Roaming/Code/User/globalStorage/bmd.stm32-for-vscode/@xpack-dev-tools/arm-none-eabi-gcc/13.3.1-1.1.1/.content/bin/../lib/gcc/arm-none-eabi/13.3.1/thumb/v7e-m+fp/hard/crtbegin.o
                0x0800245c                        PROVIDE (__init_array_end = .)

.fini_array     0x0800245c        0x4
                0x0800245c                        PROVIDE (__fini_array_start = .)
 *(SORT_BY_NAME(.fini_array.*))
 *(.fini_array*)
 .fini_array    0x0800245c        0x4 c:/Users/Vikram Rao/AppData/Roaming/Code/User/globalStorage/bmd.stm32-for-vscode/@xpack-dev-tools/arm-none-eabi-gcc/13.3.1-1.1.1/.content/bin/../lib/gcc/arm-none-eabi/13.3.1/thumb/v7e-m+fp/hard/crtbegin.o
                0x08002460                        PROVIDE (__fini_array_end = .)
                0x08002460                        _sidata = LOADADDR (.data)

.data           0x20000000        0xc load address 0x08002460
                0x20000000                        . = ALIGN (0x4)
                0x20000000                        _sdata = .
 *(.data)
 *(.data*)
 .data.uwTickFreq
                0x20000000        0x1 build/debug/stm32f4xx_hal.o
                0x20000000                uwTickFreq
 *fill*         0x20000001        0x3 
 .data.uwTickPrio
                0x20000004        0x4 build/debug/stm32f4xx_hal.o
                0x20000004                uwTickPrio
 .data.SystemCoreClock
                0x20000008        0x4 build/debug/system_stm32f4xx.o
                0x20000008                SystemCoreClock
                0x2000000c                        . = ALIGN (0x4)
                0x2000000c                        _edata = .

.igot.plt       0x2000000c        0x0 load address 0x0800246c
 .igot.plt      0x2000000c        0x0 c:/Users/Vikram Rao/AppData/Roaming/Code/User/globalStorage/bmd.stm32-for-vscode/@xpack-dev-tools/arm-none-eabi-gcc/13.3.1-1.1.1/.content/bin/../lib/gcc/arm-none-eabi/13.3.1/thumb/v7e-m+fp/hard/crtbegin.o
                0x2000000c                        . = ALIGN (0x4)

.bss            0x20000010      0x124 load address 0x0800246c
                0x20000010                        _sbss = .
                0x20000010                        __bss_start__ = _sbss
 *(.bss)
 *(.bss*)
 .bss.completed.1
                0x20000010        0x1 c:/Users/Vikram Rao/AppData/Roaming/Code/User/globalStorage/bmd.stm32-for-vscode/@xpack-dev-tools/arm-none-eabi-gcc/13.3.1-1.1.1/.content/bin/../lib/gcc/arm-none-eabi/13.3.1/thumb/v7e-m+fp/hard/crtbegin.o
 *fill*         0x20000011        0x3 
 .bss.object.0  0x20000014       0x18 c:/Users/Vikram Rao/AppData/Roaming/Code/User/globalStorage/bmd.stm32-for-vscode/@xpack-dev-tools/arm-none-eabi-gcc/13.3.1-1.1.1/.content/bin/../lib/gcc/arm-none-eabi/13.3.1/thumb/v7e-m+fp/hard/crtbegin.o
 .bss.huart2    0x2000002c       0x48 build/debug/main.o
                0x2000002c                huart2
 .bss.huart1    0x20000074       0x48 build/debug/main.o
                0x20000074                huart1
 .bss.htim2     0x200000bc       0x48 build/debug/main.o
                0x200000bc                htim2
 *fill*         0x20000104        0x4 
 .bss.time_diff_us
                0x20000108        0x8 build/debug/main.o
                0x20000108                time_diff_us
 .bss.time_diff
                0x20000110        0x8 build/debug/main.o
                0x20000110                time_diff
 .bss.frequency
                0x20000118        0x4 build/debug/main.o
                0x20000118                frequency
 .bss.RPM       0x2000011c        0x4 build/debug/main.o
                0x2000011c                RPM
 .bss.prev_prev_tim2Counter
                0x20000120        0x4 build/debug/main.o
                0x20000120                prev_prev_tim2Counter
 .bss.prev_tim2Counter
                0x20000124        0x4 build/debug/main.o
                0x20000124                prev_tim2Counter
 .bss.curr_tim2Counter
                0x20000128        0x4 build/debug/main.o
                0x20000128                curr_tim2Counter
 .bss.COUNTER   0x2000012c        0x4 build/debug/main.o
                0x2000012c                COUNTER
 .bss.uwTick    0x20000130        0x4 build/debug/stm32f4xx_hal.o
                0x20000130                uwTick
 *(COMMON)
                0x20000134                        . = ALIGN (0x4)
                0x20000134                        _ebss = .
                0x20000134                        __bss_end__ = _ebss

._user_heap_stack
                0x20000134      0x604 load address 0x0800246c
                0x20000138                        . = ALIGN (0x8)
 *fill*         0x20000134        0x4 
                [!provide]                        PROVIDE (end = .)
                0x20000138                        PROVIDE (_end = .)
                0x20000338                        . = (. + _Min_Heap_Size)
 *fill*         0x20000138      0x200 
                0x20000738                        . = (. + _Min_Stack_Size)
 *fill*         0x20000338      0x400 
                0x20000738                        . = ALIGN (0x8)

/DISCARD/
 libc.a(*)
 libm.a(*)
 libgcc.a(*)
OUTPUT(build/debug/ECU_TESTV3.elf elf32-littlearm)
LOAD linker stubs
LOAD c:/Users/Vikram Rao/AppData/Roaming/Code/User/globalStorage/bmd.stm32-for-vscode/@xpack-dev-tools/arm-none-eabi-gcc/13.3.1-1.1.1/.content/bin/../lib/gcc/arm-none-eabi/13.3.1/../../../../arm-none-eabi/lib/thumb/v7e-m+fp/hard\libc.a
LOAD c:/Users/Vikram Rao/AppData/Roaming/Code/User/globalStorage/bmd.stm32-for-vscode/@xpack-dev-tools/arm-none-eabi-gcc/13.3.1-1.1.1/.content/bin/../lib/gcc/arm-none-eabi/13.3.1/../../../../arm-none-eabi/lib/thumb/v7e-m+fp/hard\libm.a
LOAD c:/Users/Vikram Rao/AppData/Roaming/Code/User/globalStorage/bmd.stm32-for-vscode/@xpack-dev-tools/arm-none-eabi-gcc/13.3.1-1.1.1/.content/bin/../lib/gcc/arm-none-eabi/13.3.1/thumb/v7e-m+fp/hard\libgcc.a

.ARM.attributes
                0x00000000       0x30
 .ARM.attributes
                0x00000000       0x22 c:/Users/Vikram Rao/AppData/Roaming/Code/User/globalStorage/bmd.stm32-for-vscode/@xpack-dev-tools/arm-none-eabi-gcc/13.3.1-1.1.1/.content/bin/../lib/gcc/arm-none-eabi/13.3.1/thumb/v7e-m+fp/hard/crti.o
 .ARM.attributes
                0x00000022       0x34 c:/Users/Vikram Rao/AppData/Roaming/Code/User/globalStorage/bmd.stm32-for-vscode/@xpack-dev-tools/arm-none-eabi-gcc/13.3.1-1.1.1/.content/bin/../lib/gcc/arm-none-eabi/13.3.1/thumb/v7e-m+fp/hard/crtbegin.o
 .ARM.attributes
                0x00000056       0x34 build/debug/main.o
 .ARM.attributes
                0x0000008a       0x34 build/debug/stm32f4xx_hal.o
 .ARM.attributes
                0x000000be       0x34 build/debug/stm32f4xx_hal_cortex.o
 .ARM.attributes
                0x000000f2       0x34 build/debug/stm32f4xx_hal_gpio.o
 .ARM.attributes
                0x00000126       0x34 build/debug/stm32f4xx_hal_msp.o
 .ARM.attributes
                0x0000015a       0x34 build/debug/stm32f4xx_hal_rcc.o
 .ARM.attributes
                0x0000018e       0x34 build/debug/stm32f4xx_hal_tim.o
 .ARM.attributes
                0x000001c2       0x34 build/debug/stm32f4xx_hal_tim_ex.o
 .ARM.attributes
                0x000001f6       0x34 build/debug/stm32f4xx_hal_uart.o
 .ARM.attributes
                0x0000022a       0x34 build/debug/stm32f4xx_it.o
 .ARM.attributes
                0x0000025e       0x34 build/debug/system_stm32f4xx.o
 .ARM.attributes
                0x00000292       0x21 build/debug/startup_stm32f401xe.o
 .ARM.attributes
                0x000002b3       0x34 c:/Users/Vikram Rao/AppData/Roaming/Code/User/globalStorage/bmd.stm32-for-vscode/@xpack-dev-tools/arm-none-eabi-gcc/13.3.1-1.1.1/.content/bin/../lib/gcc/arm-none-eabi/13.3.1/../../../../arm-none-eabi/lib/thumb/v7e-m+fp/hard\libc_nano.a(libc_a-memset.o)
 .ARM.attributes
                0x000002e7       0x34 c:/Users/Vikram Rao/AppData/Roaming/Code/User/globalStorage/bmd.stm32-for-vscode/@xpack-dev-tools/arm-none-eabi-gcc/13.3.1-1.1.1/.content/bin/../lib/gcc/arm-none-eabi/13.3.1/../../../../arm-none-eabi/lib/thumb/v7e-m+fp/hard\libc_nano.a(libc_a-init.o)
 .ARM.attributes
                0x0000031b       0x22 c:/Users/Vikram Rao/AppData/Roaming/Code/User/globalStorage/bmd.stm32-for-vscode/@xpack-dev-tools/arm-none-eabi-gcc/13.3.1-1.1.1/.content/bin/../lib/gcc/arm-none-eabi/13.3.1/thumb/v7e-m+fp/hard\libgcc.a(_arm_addsubdf3.o)
 .ARM.attributes
                0x0000033d       0x22 c:/Users/Vikram Rao/AppData/Roaming/Code/User/globalStorage/bmd.stm32-for-vscode/@xpack-dev-tools/arm-none-eabi-gcc/13.3.1-1.1.1/.content/bin/../lib/gcc/arm-none-eabi/13.3.1/thumb/v7e-m+fp/hard\libgcc.a(_arm_muldivdf3.o)
 .ARM.attributes
                0x0000035f       0x22 c:/Users/Vikram Rao/AppData/Roaming/Code/User/globalStorage/bmd.stm32-for-vscode/@xpack-dev-tools/arm-none-eabi-gcc/13.3.1-1.1.1/.content/bin/../lib/gcc/arm-none-eabi/13.3.1/thumb/v7e-m+fp/hard\libgcc.a(_arm_cmpdf2.o)
 .ARM.attributes
                0x00000381       0x22 c:/Users/Vikram Rao/AppData/Roaming/Code/User/globalStorage/bmd.stm32-for-vscode/@xpack-dev-tools/arm-none-eabi-gcc/13.3.1-1.1.1/.content/bin/../lib/gcc/arm-none-eabi/13.3.1/thumb/v7e-m+fp/hard\libgcc.a(_arm_truncdfsf2.o)
 .ARM.attributes
                0x000003a3       0x22 c:/Users/Vikram Rao/AppData/Roaming/Code/User/globalStorage/bmd.stm32-for-vscode/@xpack-dev-tools/arm-none-eabi-gcc/13.3.1-1.1.1/.content/bin/../lib/gcc/arm-none-eabi/13.3.1/thumb/v7e-m+fp/hard\libgcc.a(_aeabi_uldivmod.o)
 .ARM.attributes
                0x000003c5       0x34 c:/Users/Vikram Rao/AppData/Roaming/Code/User/globalStorage/bmd.stm32-for-vscode/@xpack-dev-tools/arm-none-eabi-gcc/13.3.1-1.1.1/.content/bin/../lib/gcc/arm-none-eabi/13.3.1/thumb/v7e-m+fp/hard\libgcc.a(_udivmoddi4.o)
 .ARM.attributes
                0x000003f9       0x22 c:/Users/Vikram Rao/AppData/Roaming/Code/User/globalStorage/bmd.stm32-for-vscode/@xpack-dev-tools/arm-none-eabi-gcc/13.3.1-1.1.1/.content/bin/../lib/gcc/arm-none-eabi/13.3.1/thumb/v7e-m+fp/hard\libgcc.a(_dvmd_tls.o)
 .ARM.attributes
                0x0000041b       0x22 c:/Users/Vikram Rao/AppData/Roaming/Code/User/globalStorage/bmd.stm32-for-vscode/@xpack-dev-tools/arm-none-eabi-gcc/13.3.1-1.1.1/.content/bin/../lib/gcc/arm-none-eabi/13.3.1/thumb/v7e-m+fp/hard/crtn.o

.comment        0x00000000       0x39
 .comment       0x00000000       0x39 c:/Users/Vikram Rao/AppData/Roaming/Code/User/globalStorage/bmd.stm32-for-vscode/@xpack-dev-tools/arm-none-eabi-gcc/13.3.1-1.1.1/.content/bin/../lib/gcc/arm-none-eabi/13.3.1/thumb/v7e-m+fp/hard/crtbegin.o
                                 0x3a (size before relaxing)
 .comment       0x00000039       0x3a build/debug/main.o
 .comment       0x00000039       0x3a build/debug/stm32f4xx_hal.o
 .comment       0x00000039       0x3a build/debug/stm32f4xx_hal_cortex.o
 .comment       0x00000039       0x3a build/debug/stm32f4xx_hal_gpio.o
 .comment       0x00000039       0x3a build/debug/stm32f4xx_hal_msp.o
 .comment       0x00000039       0x3a build/debug/stm32f4xx_hal_rcc.o
 .comment       0x00000039       0x3a build/debug/stm32f4xx_hal_tim.o
 .comment       0x00000039       0x3a build/debug/stm32f4xx_hal_tim_ex.o
 .comment       0x00000039       0x3a build/debug/stm32f4xx_hal_uart.o
 .comment       0x00000039       0x3a build/debug/stm32f4xx_it.o
 .comment       0x00000039       0x3a build/debug/system_stm32f4xx.o
 .comment       0x00000039       0x3a c:/Users/Vikram Rao/AppData/Roaming/Code/User/globalStorage/bmd.stm32-for-vscode/@xpack-dev-tools/arm-none-eabi-gcc/13.3.1-1.1.1/.content/bin/../lib/gcc/arm-none-eabi/13.3.1/../../../../arm-none-eabi/lib/thumb/v7e-m+fp/hard\libc_nano.a(libc_a-memset.o)
 .comment       0x00000039       0x3a c:/Users/Vikram Rao/AppData/Roaming/Code/User/globalStorage/bmd.stm32-for-vscode/@xpack-dev-tools/arm-none-eabi-gcc/13.3.1-1.1.1/.content/bin/../lib/gcc/arm-none-eabi/13.3.1/../../../../arm-none-eabi/lib/thumb/v7e-m+fp/hard\libc_nano.a(libc_a-init.o)
 .comment       0x00000039       0x3a c:/Users/Vikram Rao/AppData/Roaming/Code/User/globalStorage/bmd.stm32-for-vscode/@xpack-dev-tools/arm-none-eabi-gcc/13.3.1-1.1.1/.content/bin/../lib/gcc/arm-none-eabi/13.3.1/thumb/v7e-m+fp/hard\libgcc.a(_udivmoddi4.o)

.debug_info     0x00000000     0xfdd3
 .debug_info    0x00000000     0x15d9 build/debug/main.o
 .debug_info    0x000015d9      0x959 build/debug/stm32f4xx_hal.o
 .debug_info    0x00001f32      0xf5f build/debug/stm32f4xx_hal_cortex.o
 .debug_info    0x00002e91      0x73a build/debug/stm32f4xx_hal_gpio.o
 .debug_info    0x000035cb      0xfb1 build/debug/stm32f4xx_hal_msp.o
 .debug_info    0x0000457c      0xaaf build/debug/stm32f4xx_hal_rcc.o
 .debug_info    0x0000502b     0x3c4c build/debug/stm32f4xx_hal_tim.o
 .debug_info    0x00008c77     0x1ae5 build/debug/stm32f4xx_hal_tim_ex.o
 .debug_info    0x0000a75c     0x4007 build/debug/stm32f4xx_hal_uart.o
 .debug_info    0x0000e763      0x742 build/debug/stm32f4xx_it.o
 .debug_info    0x0000eea5      0x553 build/debug/system_stm32f4xx.o
 .debug_info    0x0000f3f8       0x30 build/debug/startup_stm32f401xe.o
 .debug_info    0x0000f428       0xd3 c:/Users/Vikram Rao/AppData/Roaming/Code/User/globalStorage/bmd.stm32-for-vscode/@xpack-dev-tools/arm-none-eabi-gcc/13.3.1-1.1.1/.content/bin/../lib/gcc/arm-none-eabi/13.3.1/thumb/v7e-m+fp/hard\libgcc.a(_arm_addsubdf3.o)
 .debug_info    0x0000f4fb       0x57 c:/Users/Vikram Rao/AppData/Roaming/Code/User/globalStorage/bmd.stm32-for-vscode/@xpack-dev-tools/arm-none-eabi-gcc/13.3.1-1.1.1/.content/bin/../lib/gcc/arm-none-eabi/13.3.1/thumb/v7e-m+fp/hard\libgcc.a(_arm_muldivdf3.o)
 .debug_info    0x0000f552       0xdf c:/Users/Vikram Rao/AppData/Roaming/Code/User/globalStorage/bmd.stm32-for-vscode/@xpack-dev-tools/arm-none-eabi-gcc/13.3.1-1.1.1/.content/bin/../lib/gcc/arm-none-eabi/13.3.1/thumb/v7e-m+fp/hard\libgcc.a(_arm_cmpdf2.o)
 .debug_info    0x0000f631       0x3f c:/Users/Vikram Rao/AppData/Roaming/Code/User/globalStorage/bmd.stm32-for-vscode/@xpack-dev-tools/arm-none-eabi-gcc/13.3.1-1.1.1/.content/bin/../lib/gcc/arm-none-eabi/13.3.1/thumb/v7e-m+fp/hard\libgcc.a(_arm_truncdfsf2.o)
 .debug_info    0x0000f670       0x24 c:/Users/Vikram Rao/AppData/Roaming/Code/User/globalStorage/bmd.stm32-for-vscode/@xpack-dev-tools/arm-none-eabi-gcc/13.3.1-1.1.1/.content/bin/../lib/gcc/arm-none-eabi/13.3.1/thumb/v7e-m+fp/hard\libgcc.a(_aeabi_uldivmod.o)
 .debug_info    0x0000f694      0x703 c:/Users/Vikram Rao/AppData/Roaming/Code/User/globalStorage/bmd.stm32-for-vscode/@xpack-dev-tools/arm-none-eabi-gcc/13.3.1-1.1.1/.content/bin/../lib/gcc/arm-none-eabi/13.3.1/thumb/v7e-m+fp/hard\libgcc.a(_udivmoddi4.o)
 .debug_info    0x0000fd97       0x3c c:/Users/Vikram Rao/AppData/Roaming/Code/User/globalStorage/bmd.stm32-for-vscode/@xpack-dev-tools/arm-none-eabi-gcc/13.3.1-1.1.1/.content/bin/../lib/gcc/arm-none-eabi/13.3.1/thumb/v7e-m+fp/hard\libgcc.a(_dvmd_tls.o)

.debug_abbrev   0x00000000     0x1d60
 .debug_abbrev  0x00000000      0x2f8 build/debug/main.o
 .debug_abbrev  0x000002f8      0x277 build/debug/stm32f4xx_hal.o
 .debug_abbrev  0x0000056f      0x391 build/debug/stm32f4xx_hal_cortex.o
 .debug_abbrev  0x00000900      0x201 build/debug/stm32f4xx_hal_gpio.o
 .debug_abbrev  0x00000b01      0x1fc build/debug/stm32f4xx_hal_msp.o
 .debug_abbrev  0x00000cfd      0x2c6 build/debug/stm32f4xx_hal_rcc.o
 .debug_abbrev  0x00000fc3      0x284 build/debug/stm32f4xx_hal_tim.o
 .debug_abbrev  0x00001247      0x282 build/debug/stm32f4xx_hal_tim_ex.o
 .debug_abbrev  0x000014c9      0x33c build/debug/stm32f4xx_hal_uart.o
 .debug_abbrev  0x00001805      0x1d5 build/debug/stm32f4xx_it.o
 .debug_abbrev  0x000019da      0x11e build/debug/system_stm32f4xx.o
 .debug_abbrev  0x00001af8       0x24 build/debug/startup_stm32f401xe.o
 .debug_abbrev  0x00001b1c       0x28 c:/Users/Vikram Rao/AppData/Roaming/Code/User/globalStorage/bmd.stm32-for-vscode/@xpack-dev-tools/arm-none-eabi-gcc/13.3.1-1.1.1/.content/bin/../lib/gcc/arm-none-eabi/13.3.1/thumb/v7e-m+fp/hard\libgcc.a(_arm_addsubdf3.o)
 .debug_abbrev  0x00001b44       0x28 c:/Users/Vikram Rao/AppData/Roaming/Code/User/globalStorage/bmd.stm32-for-vscode/@xpack-dev-tools/arm-none-eabi-gcc/13.3.1-1.1.1/.content/bin/../lib/gcc/arm-none-eabi/13.3.1/thumb/v7e-m+fp/hard\libgcc.a(_arm_muldivdf3.o)
 .debug_abbrev  0x00001b6c       0x28 c:/Users/Vikram Rao/AppData/Roaming/Code/User/globalStorage/bmd.stm32-for-vscode/@xpack-dev-tools/arm-none-eabi-gcc/13.3.1-1.1.1/.content/bin/../lib/gcc/arm-none-eabi/13.3.1/thumb/v7e-m+fp/hard\libgcc.a(_arm_cmpdf2.o)
 .debug_abbrev  0x00001b94       0x28 c:/Users/Vikram Rao/AppData/Roaming/Code/User/globalStorage/bmd.stm32-for-vscode/@xpack-dev-tools/arm-none-eabi-gcc/13.3.1-1.1.1/.content/bin/../lib/gcc/arm-none-eabi/13.3.1/thumb/v7e-m+fp/hard\libgcc.a(_arm_truncdfsf2.o)
 .debug_abbrev  0x00001bbc       0x14 c:/Users/Vikram Rao/AppData/Roaming/Code/User/globalStorage/bmd.stm32-for-vscode/@xpack-dev-tools/arm-none-eabi-gcc/13.3.1-1.1.1/.content/bin/../lib/gcc/arm-none-eabi/13.3.1/thumb/v7e-m+fp/hard\libgcc.a(_aeabi_uldivmod.o)
 .debug_abbrev  0x00001bd0      0x16a c:/Users/Vikram Rao/AppData/Roaming/Code/User/globalStorage/bmd.stm32-for-vscode/@xpack-dev-tools/arm-none-eabi-gcc/13.3.1-1.1.1/.content/bin/../lib/gcc/arm-none-eabi/13.3.1/thumb/v7e-m+fp/hard\libgcc.a(_udivmoddi4.o)
 .debug_abbrev  0x00001d3a       0x26 c:/Users/Vikram Rao/AppData/Roaming/Code/User/globalStorage/bmd.stm32-for-vscode/@xpack-dev-tools/arm-none-eabi-gcc/13.3.1-1.1.1/.content/bin/../lib/gcc/arm-none-eabi/13.3.1/thumb/v7e-m+fp/hard\libgcc.a(_dvmd_tls.o)

.debug_loclists
                0x00000000     0x9225
 .debug_loclists
                0x00000000       0x45 build/debug/main.o
 .debug_loclists
                0x00000045       0xe1 build/debug/stm32f4xx_hal.o
 .debug_loclists
                0x00000126      0x54d build/debug/stm32f4xx_hal_cortex.o
 .debug_loclists
                0x00000673      0x386 build/debug/stm32f4xx_hal_gpio.o
 .debug_loclists
                0x000009f9       0xf6 build/debug/stm32f4xx_hal_msp.o
 .debug_loclists
                0x00000aef      0x3e5 build/debug/stm32f4xx_hal_rcc.o
 .debug_loclists
                0x00000ed4     0x37d9 build/debug/stm32f4xx_hal_tim.o
 .debug_loclists
                0x000046ad     0x13e0 build/debug/stm32f4xx_hal_tim_ex.o
 .debug_loclists
                0x00005a8d     0x2c89 build/debug/stm32f4xx_hal_uart.o
 .debug_loclists
                0x00008716       0xfa build/debug/system_stm32f4xx.o
 .debug_loclists
                0x00008810      0xa15 c:/Users/Vikram Rao/AppData/Roaming/Code/User/globalStorage/bmd.stm32-for-vscode/@xpack-dev-tools/arm-none-eabi-gcc/13.3.1-1.1.1/.content/bin/../lib/gcc/arm-none-eabi/13.3.1/thumb/v7e-m+fp/hard\libgcc.a(_udivmoddi4.o)

.debug_aranges  0x00000000      0xc40
 .debug_aranges
                0x00000000       0x58 build/debug/main.o
 .debug_aranges
                0x00000058       0xf0 build/debug/stm32f4xx_hal.o
 .debug_aranges
                0x00000148       0xf8 build/debug/stm32f4xx_hal_cortex.o
 .debug_aranges
                0x00000240       0x58 build/debug/stm32f4xx_hal_gpio.o
 .debug_aranges
                0x00000298       0x40 build/debug/stm32f4xx_hal_msp.o
 .debug_aranges
                0x000002d8       0x88 build/debug/stm32f4xx_hal_rcc.o
 .debug_aranges
                0x00000360      0x3d0 build/debug/stm32f4xx_hal_tim.o
 .debug_aranges
                0x00000730      0x168 build/debug/stm32f4xx_hal_tim_ex.o
 .debug_aranges
                0x00000898      0x208 build/debug/stm32f4xx_hal_uart.o
 .debug_aranges
                0x00000aa0       0x70 build/debug/stm32f4xx_it.o
 .debug_aranges
                0x00000b10       0x28 build/debug/system_stm32f4xx.o
 .debug_aranges
                0x00000b38       0x28 build/debug/startup_stm32f401xe.o
 .debug_aranges
                0x00000b60       0x20 c:/Users/Vikram Rao/AppData/Roaming/Code/User/globalStorage/bmd.stm32-for-vscode/@xpack-dev-tools/arm-none-eabi-gcc/13.3.1-1.1.1/.content/bin/../lib/gcc/arm-none-eabi/13.3.1/thumb/v7e-m+fp/hard\libgcc.a(_arm_addsubdf3.o)
 .debug_aranges
                0x00000b80       0x20 c:/Users/Vikram Rao/AppData/Roaming/Code/User/globalStorage/bmd.stm32-for-vscode/@xpack-dev-tools/arm-none-eabi-gcc/13.3.1-1.1.1/.content/bin/../lib/gcc/arm-none-eabi/13.3.1/thumb/v7e-m+fp/hard\libgcc.a(_arm_muldivdf3.o)
 .debug_aranges
                0x00000ba0       0x20 c:/Users/Vikram Rao/AppData/Roaming/Code/User/globalStorage/bmd.stm32-for-vscode/@xpack-dev-tools/arm-none-eabi-gcc/13.3.1-1.1.1/.content/bin/../lib/gcc/arm-none-eabi/13.3.1/thumb/v7e-m+fp/hard\libgcc.a(_arm_cmpdf2.o)
 .debug_aranges
                0x00000bc0       0x20 c:/Users/Vikram Rao/AppData/Roaming/Code/User/globalStorage/bmd.stm32-for-vscode/@xpack-dev-tools/arm-none-eabi-gcc/13.3.1-1.1.1/.content/bin/../lib/gcc/arm-none-eabi/13.3.1/thumb/v7e-m+fp/hard\libgcc.a(_arm_truncdfsf2.o)
 .debug_aranges
                0x00000be0       0x20 c:/Users/Vikram Rao/AppData/Roaming/Code/User/globalStorage/bmd.stm32-for-vscode/@xpack-dev-tools/arm-none-eabi-gcc/13.3.1-1.1.1/.content/bin/../lib/gcc/arm-none-eabi/13.3.1/thumb/v7e-m+fp/hard\libgcc.a(_aeabi_uldivmod.o)
 .debug_aranges
                0x00000c00       0x20 c:/Users/Vikram Rao/AppData/Roaming/Code/User/globalStorage/bmd.stm32-for-vscode/@xpack-dev-tools/arm-none-eabi-gcc/13.3.1-1.1.1/.content/bin/../lib/gcc/arm-none-eabi/13.3.1/thumb/v7e-m+fp/hard\libgcc.a(_udivmoddi4.o)
 .debug_aranges
                0x00000c20       0x20 c:/Users/Vikram Rao/AppData/Roaming/Code/User/globalStorage/bmd.stm32-for-vscode/@xpack-dev-tools/arm-none-eabi-gcc/13.3.1-1.1.1/.content/bin/../lib/gcc/arm-none-eabi/13.3.1/thumb/v7e-m+fp/hard\libgcc.a(_dvmd_tls.o)

.debug_rnglists
                0x00000000      0x959
 .debug_rnglists
                0x00000000       0x40 build/debug/main.o
 .debug_rnglists
                0x00000040       0xaf build/debug/stm32f4xx_hal.o
 .debug_rnglists
                0x000000ef       0xb5 build/debug/stm32f4xx_hal_cortex.o
 .debug_rnglists
                0x000001a4       0x3f build/debug/stm32f4xx_hal_gpio.o
 .debug_rnglists
                0x000001e3       0x2c build/debug/stm32f4xx_hal_msp.o
 .debug_rnglists
                0x0000020f       0x75 build/debug/stm32f4xx_hal_rcc.o
 .debug_rnglists
                0x00000284      0x2ff build/debug/stm32f4xx_hal_tim.o
 .debug_rnglists
                0x00000583      0x11a build/debug/stm32f4xx_hal_tim_ex.o
 .debug_rnglists
                0x0000069d      0x1a1 build/debug/stm32f4xx_hal_uart.o
 .debug_rnglists
                0x0000083e       0x4f build/debug/stm32f4xx_it.o
 .debug_rnglists
                0x0000088d       0x1a build/debug/system_stm32f4xx.o
 .debug_rnglists
                0x000008a7       0x19 build/debug/startup_stm32f401xe.o
 .debug_rnglists
                0x000008c0       0x99 c:/Users/Vikram Rao/AppData/Roaming/Code/User/globalStorage/bmd.stm32-for-vscode/@xpack-dev-tools/arm-none-eabi-gcc/13.3.1-1.1.1/.content/bin/../lib/gcc/arm-none-eabi/13.3.1/thumb/v7e-m+fp/hard\libgcc.a(_udivmoddi4.o)

.debug_line     0x00000000     0xd6aa
 .debug_line    0x00000000      0x6ff build/debug/main.o
 .debug_line    0x000006ff      0x619 build/debug/stm32f4xx_hal.o
 .debug_line    0x00000d18      0x8dc build/debug/stm32f4xx_hal_cortex.o
 .debug_line    0x000015f4      0x76b build/debug/stm32f4xx_hal_gpio.o
 .debug_line    0x00001d5f      0x3f4 build/debug/stm32f4xx_hal_msp.o
 .debug_line    0x00002153      0xc70 build/debug/stm32f4xx_hal_rcc.o
 .debug_line    0x00002dc3     0x4722 build/debug/stm32f4xx_hal_tim.o
 .debug_line    0x000074e5     0x1b05 build/debug/stm32f4xx_hal_tim_ex.o
 .debug_line    0x00008fea     0x356f build/debug/stm32f4xx_hal_uart.o
 .debug_line    0x0000c559      0x374 build/debug/stm32f4xx_it.o
 .debug_line    0x0000c8cd      0x300 build/debug/system_stm32f4xx.o
 .debug_line    0x0000cbcd       0x76 build/debug/startup_stm32f401xe.o
 .debug_line    0x0000cc43      0x16f c:/Users/Vikram Rao/AppData/Roaming/Code/User/globalStorage/bmd.stm32-for-vscode/@xpack-dev-tools/arm-none-eabi-gcc/13.3.1-1.1.1/.content/bin/../lib/gcc/arm-none-eabi/13.3.1/thumb/v7e-m+fp/hard\libgcc.a(_arm_addsubdf3.o)
 .debug_line    0x0000cdb2      0x184 c:/Users/Vikram Rao/AppData/Roaming/Code/User/globalStorage/bmd.stm32-for-vscode/@xpack-dev-tools/arm-none-eabi-gcc/13.3.1-1.1.1/.content/bin/../lib/gcc/arm-none-eabi/13.3.1/thumb/v7e-m+fp/hard\libgcc.a(_arm_muldivdf3.o)
 .debug_line    0x0000cf36       0xa6 c:/Users/Vikram Rao/AppData/Roaming/Code/User/globalStorage/bmd.stm32-for-vscode/@xpack-dev-tools/arm-none-eabi-gcc/13.3.1-1.1.1/.content/bin/../lib/gcc/arm-none-eabi/13.3.1/thumb/v7e-m+fp/hard\libgcc.a(_arm_cmpdf2.o)
 .debug_line    0x0000cfdc       0x76 c:/Users/Vikram Rao/AppData/Roaming/Code/User/globalStorage/bmd.stm32-for-vscode/@xpack-dev-tools/arm-none-eabi-gcc/13.3.1-1.1.1/.content/bin/../lib/gcc/arm-none-eabi/13.3.1/thumb/v7e-m+fp/hard\libgcc.a(_arm_truncdfsf2.o)
 .debug_line    0x0000d052       0x4e c:/Users/Vikram Rao/AppData/Roaming/Code/User/globalStorage/bmd.stm32-for-vscode/@xpack-dev-tools/arm-none-eabi-gcc/13.3.1-1.1.1/.content/bin/../lib/gcc/arm-none-eabi/13.3.1/thumb/v7e-m+fp/hard\libgcc.a(_aeabi_uldivmod.o)
 .debug_line    0x0000d0a0      0x5c0 c:/Users/Vikram Rao/AppData/Roaming/Code/User/globalStorage/bmd.stm32-for-vscode/@xpack-dev-tools/arm-none-eabi-gcc/13.3.1-1.1.1/.content/bin/../lib/gcc/arm-none-eabi/13.3.1/thumb/v7e-m+fp/hard\libgcc.a(_udivmoddi4.o)
 .debug_line    0x0000d660       0x4a c:/Users/Vikram Rao/AppData/Roaming/Code/User/globalStorage/bmd.stm32-for-vscode/@xpack-dev-tools/arm-none-eabi-gcc/13.3.1-1.1.1/.content/bin/../lib/gcc/arm-none-eabi/13.3.1/thumb/v7e-m+fp/hard\libgcc.a(_dvmd_tls.o)

.debug_str      0x00000000     0x41ac
 .debug_str     0x00000000     0x41ac build/debug/main.o
                               0x1275 (size before relaxing)
 .debug_str     0x000041ac      0x9f6 build/debug/stm32f4xx_hal.o
 .debug_str     0x000041ac      0xaf5 build/debug/stm32f4xx_hal_cortex.o
 .debug_str     0x000041ac      0x4d4 build/debug/stm32f4xx_hal_gpio.o
 .debug_str     0x000041ac      0xeab build/debug/stm32f4xx_hal_msp.o
 .debug_str     0x000041ac      0x6fa build/debug/stm32f4xx_hal_rcc.o
 .debug_str     0x000041ac     0x16e1 build/debug/stm32f4xx_hal_tim.o
 .debug_str     0x000041ac      0xeed build/debug/stm32f4xx_hal_tim_ex.o
 .debug_str     0x000041ac      0xd7d build/debug/stm32f4xx_hal_uart.o
 .debug_str     0x000041ac      0x7af build/debug/stm32f4xx_it.o
 .debug_str     0x000041ac      0x369 build/debug/system_stm32f4xx.o
 .debug_str     0x000041ac       0x60 build/debug/startup_stm32f401xe.o
 .debug_str     0x000041ac      0x1eb c:/Users/Vikram Rao/AppData/Roaming/Code/User/globalStorage/bmd.stm32-for-vscode/@xpack-dev-tools/arm-none-eabi-gcc/13.3.1-1.1.1/.content/bin/../lib/gcc/arm-none-eabi/13.3.1/thumb/v7e-m+fp/hard\libgcc.a(_arm_addsubdf3.o)
 .debug_str     0x000041ac      0x16b c:/Users/Vikram Rao/AppData/Roaming/Code/User/globalStorage/bmd.stm32-for-vscode/@xpack-dev-tools/arm-none-eabi-gcc/13.3.1-1.1.1/.content/bin/../lib/gcc/arm-none-eabi/13.3.1/thumb/v7e-m+fp/hard\libgcc.a(_arm_muldivdf3.o)
 .debug_str     0x000041ac      0x1f4 c:/Users/Vikram Rao/AppData/Roaming/Code/User/globalStorage/bmd.stm32-for-vscode/@xpack-dev-tools/arm-none-eabi-gcc/13.3.1-1.1.1/.content/bin/../lib/gcc/arm-none-eabi/13.3.1/thumb/v7e-m+fp/hard\libgcc.a(_arm_cmpdf2.o)
 .debug_str     0x000041ac      0x158 c:/Users/Vikram Rao/AppData/Roaming/Code/User/globalStorage/bmd.stm32-for-vscode/@xpack-dev-tools/arm-none-eabi-gcc/13.3.1-1.1.1/.content/bin/../lib/gcc/arm-none-eabi/13.3.1/thumb/v7e-m+fp/hard\libgcc.a(_arm_truncdfsf2.o)
 .debug_str     0x000041ac      0x13a c:/Users/Vikram Rao/AppData/Roaming/Code/User/globalStorage/bmd.stm32-for-vscode/@xpack-dev-tools/arm-none-eabi-gcc/13.3.1-1.1.1/.content/bin/../lib/gcc/arm-none-eabi/13.3.1/thumb/v7e-m+fp/hard\libgcc.a(_aeabi_uldivmod.o)
 .debug_str     0x000041ac      0x753 c:/Users/Vikram Rao/AppData/Roaming/Code/User/globalStorage/bmd.stm32-for-vscode/@xpack-dev-tools/arm-none-eabi-gcc/13.3.1-1.1.1/.content/bin/../lib/gcc/arm-none-eabi/13.3.1/thumb/v7e-m+fp/hard\libgcc.a(_udivmoddi4.o)
 .debug_str     0x000041ac      0x15a c:/Users/Vikram Rao/AppData/Roaming/Code/User/globalStorage/bmd.stm32-for-vscode/@xpack-dev-tools/arm-none-eabi-gcc/13.3.1-1.1.1/.content/bin/../lib/gcc/arm-none-eabi/13.3.1/thumb/v7e-m+fp/hard\libgcc.a(_dvmd_tls.o)

.debug_frame    0x00000000     0x2020
 .debug_frame   0x00000000       0xe8 build/debug/main.o
 .debug_frame   0x000000e8      0x1ec build/debug/stm32f4xx_hal.o
 .debug_frame   0x000002d4      0x214 build/debug/stm32f4xx_hal_cortex.o
 .debug_frame   0x000004e8       0xd8 build/debug/stm32f4xx_hal_gpio.o
 .debug_frame   0x000005c0       0x94 build/debug/stm32f4xx_hal_msp.o
 .debug_frame   0x00000654      0x16c build/debug/stm32f4xx_hal_rcc.o
 .debug_frame   0x000007c0      0xb20 build/debug/stm32f4xx_hal_tim.o
 .debug_frame   0x000012e0      0x418 build/debug/stm32f4xx_hal_tim_ex.o
 .debug_frame   0x000016f8      0x5dc build/debug/stm32f4xx_hal_uart.o
 .debug_frame   0x00001cd4       0xd8 build/debug/stm32f4xx_it.o
 .debug_frame   0x00001dac       0x30 build/debug/system_stm32f4xx.o
 .debug_frame   0x00001ddc       0xac c:/Users/Vikram Rao/AppData/Roaming/Code/User/globalStorage/bmd.stm32-for-vscode/@xpack-dev-tools/arm-none-eabi-gcc/13.3.1-1.1.1/.content/bin/../lib/gcc/arm-none-eabi/13.3.1/thumb/v7e-m+fp/hard\libgcc.a(_arm_addsubdf3.o)
 .debug_frame   0x00001e88       0x50 c:/Users/Vikram Rao/AppData/Roaming/Code/User/globalStorage/bmd.stm32-for-vscode/@xpack-dev-tools/arm-none-eabi-gcc/13.3.1-1.1.1/.content/bin/../lib/gcc/arm-none-eabi/13.3.1/thumb/v7e-m+fp/hard\libgcc.a(_arm_muldivdf3.o)
 .debug_frame   0x00001ed8       0xc4 c:/Users/Vikram Rao/AppData/Roaming/Code/User/globalStorage/bmd.stm32-for-vscode/@xpack-dev-tools/arm-none-eabi-gcc/13.3.1-1.1.1/.content/bin/../lib/gcc/arm-none-eabi/13.3.1/thumb/v7e-m+fp/hard\libgcc.a(_arm_cmpdf2.o)
 .debug_frame   0x00001f9c       0x24 c:/Users/Vikram Rao/AppData/Roaming/Code/User/globalStorage/bmd.stm32-for-vscode/@xpack-dev-tools/arm-none-eabi-gcc/13.3.1-1.1.1/.content/bin/../lib/gcc/arm-none-eabi/13.3.1/thumb/v7e-m+fp/hard\libgcc.a(_arm_truncdfsf2.o)
 .debug_frame   0x00001fc0       0x2c c:/Users/Vikram Rao/AppData/Roaming/Code/User/globalStorage/bmd.stm32-for-vscode/@xpack-dev-tools/arm-none-eabi-gcc/13.3.1-1.1.1/.content/bin/../lib/gcc/arm-none-eabi/13.3.1/thumb/v7e-m+fp/hard\libgcc.a(_aeabi_uldivmod.o)
 .debug_frame   0x00001fec       0x34 c:/Users/Vikram Rao/AppData/Roaming/Code/User/globalStorage/bmd.stm32-for-vscode/@xpack-dev-tools/arm-none-eabi-gcc/13.3.1-1.1.1/.content/bin/../lib/gcc/arm-none-eabi/13.3.1/thumb/v7e-m+fp/hard\libgcc.a(_udivmoddi4.o)

.debug_line_str
                0x00000000      0x189
 .debug_line_str
                0x00000000      0x189 build/debug/startup_stm32f401xe.o
                                 0x44 (size before relaxing)
 .debug_line_str
                0x00000189      0x131 c:/Users/Vikram Rao/AppData/Roaming/Code/User/globalStorage/bmd.stm32-for-vscode/@xpack-dev-tools/arm-none-eabi-gcc/13.3.1-1.1.1/.content/bin/../lib/gcc/arm-none-eabi/13.3.1/thumb/v7e-m+fp/hard\libgcc.a(_arm_addsubdf3.o)
 .debug_line_str
                0x00000189      0x131 c:/Users/Vikram Rao/AppData/Roaming/Code/User/globalStorage/bmd.stm32-for-vscode/@xpack-dev-tools/arm-none-eabi-gcc/13.3.1-1.1.1/.content/bin/../lib/gcc/arm-none-eabi/13.3.1/thumb/v7e-m+fp/hard\libgcc.a(_arm_muldivdf3.o)
 .debug_line_str
                0x00000189      0x131 c:/Users/Vikram Rao/AppData/Roaming/Code/User/globalStorage/bmd.stm32-for-vscode/@xpack-dev-tools/arm-none-eabi-gcc/13.3.1-1.1.1/.content/bin/../lib/gcc/arm-none-eabi/13.3.1/thumb/v7e-m+fp/hard\libgcc.a(_arm_cmpdf2.o)
 .debug_line_str
                0x00000189      0x131 c:/Users/Vikram Rao/AppData/Roaming/Code/User/globalStorage/bmd.stm32-for-vscode/@xpack-dev-tools/arm-none-eabi-gcc/13.3.1-1.1.1/.content/bin/../lib/gcc/arm-none-eabi/13.3.1/thumb/v7e-m+fp/hard\libgcc.a(_arm_truncdfsf2.o)
 .debug_line_str
                0x00000189      0x12c c:/Users/Vikram Rao/AppData/Roaming/Code/User/globalStorage/bmd.stm32-for-vscode/@xpack-dev-tools/arm-none-eabi-gcc/13.3.1-1.1.1/.content/bin/../lib/gcc/arm-none-eabi/13.3.1/thumb/v7e-m+fp/hard\libgcc.a(_aeabi_uldivmod.o)
 .debug_line_str
                0x00000189      0x130 c:/Users/Vikram Rao/AppData/Roaming/Code/User/globalStorage/bmd.stm32-for-vscode/@xpack-dev-tools/arm-none-eabi-gcc/13.3.1-1.1.1/.content/bin/../lib/gcc/arm-none-eabi/13.3.1/thumb/v7e-m+fp/hard\libgcc.a(_dvmd_tls.o)

Cross Reference Table

Symbol                                            File
ADC_IRQHandler                                    build/debug/startup_stm32f401xe.o
AHBPrescTable                                     build/debug/system_stm32f4xx.o
                                                  build/debug/stm32f4xx_hal_rcc.o
APBPrescTable                                     build/debug/system_stm32f4xx.o
                                                  build/debug/stm32f4xx_hal_rcc.o
BusFault_Handler                                  build/debug/stm32f4xx_it.o
COUNTER                                           build/debug/main.o
DMA1_Stream0_IRQHandler                           build/debug/startup_stm32f401xe.o
DMA1_Stream1_IRQHandler                           build/debug/startup_stm32f401xe.o
DMA1_Stream2_IRQHandler                           build/debug/startup_stm32f401xe.o
DMA1_Stream3_IRQHandler                           build/debug/startup_stm32f401xe.o
DMA1_Stream4_IRQHandler                           build/debug/startup_stm32f401xe.o
DMA1_Stream5_IRQHandler                           build/debug/startup_stm32f401xe.o
DMA1_Stream6_IRQHandler                           build/debug/startup_stm32f401xe.o
DMA1_Stream7_IRQHandler                           build/debug/startup_stm32f401xe.o
DMA2_Stream0_IRQHandler                           build/debug/startup_stm32f401xe.o
DMA2_Stream1_IRQHandler                           build/debug/startup_stm32f401xe.o
DMA2_Stream2_IRQHandler                           build/debug/startup_stm32f401xe.o
DMA2_Stream3_IRQHandler                           build/debug/startup_stm32f401xe.o
DMA2_Stream4_IRQHandler                           build/debug/startup_stm32f401xe.o
DMA2_Stream5_IRQHandler                           build/debug/startup_stm32f401xe.o
DMA2_Stream6_IRQHandler                           build/debug/startup_stm32f401xe.o
DMA2_Stream7_IRQHandler                           build/debug/startup_stm32f401xe.o
DebugMon_Handler                                  build/debug/stm32f4xx_it.o
Default_Handler                                   build/debug/startup_stm32f401xe.o
EXTI0_IRQHandler                                  build/debug/startup_stm32f401xe.o
EXTI15_10_IRQHandler                              build/debug/startup_stm32f401xe.o
EXTI1_IRQHandler                                  build/debug/startup_stm32f401xe.o
EXTI2_IRQHandler                                  build/debug/startup_stm32f401xe.o
EXTI3_IRQHandler                                  build/debug/startup_stm32f401xe.o
EXTI4_IRQHandler                                  build/debug/startup_stm32f401xe.o
EXTI9_5_IRQHandler                                build/debug/stm32f4xx_it.o
Error_Handler                                     build/debug/main.o
FLASH_Erase_Sector                                build/debug/stm32f4xx_hal_flash_ex.o
                                                  build/debug/stm32f4xx_hal_flash.o
FLASH_FlushCaches                                 build/debug/stm32f4xx_hal_flash_ex.o
                                                  build/debug/stm32f4xx_hal_flash.o
FLASH_IRQHandler                                  build/debug/startup_stm32f401xe.o
FLASH_WaitForLastOperation                        build/debug/stm32f4xx_hal_flash.o
                                                  build/debug/stm32f4xx_hal_flash_ex.o
FPU_IRQHandler                                    build/debug/startup_stm32f401xe.o
HAL_CORTEX_ClearEvent                             build/debug/stm32f4xx_hal_cortex.o
HAL_DBGMCU_DisableDBGSleepMode                    build/debug/stm32f4xx_hal.o
HAL_DBGMCU_DisableDBGStandbyMode                  build/debug/stm32f4xx_hal.o
HAL_DBGMCU_DisableDBGStopMode                     build/debug/stm32f4xx_hal.o
HAL_DBGMCU_EnableDBGSleepMode                     build/debug/stm32f4xx_hal.o
HAL_DBGMCU_EnableDBGStandbyMode                   build/debug/stm32f4xx_hal.o
HAL_DBGMCU_EnableDBGStopMode                      build/debug/stm32f4xx_hal.o
HAL_DMAEx_ChangeMemory                            build/debug/stm32f4xx_hal_dma_ex.o
HAL_DMAEx_MultiBufferStart                        build/debug/stm32f4xx_hal_dma_ex.o
HAL_DMAEx_MultiBufferStart_IT                     build/debug/stm32f4xx_hal_dma_ex.o
HAL_DMA_Abort                                     build/debug/stm32f4xx_hal_dma.o
                                                  build/debug/stm32f4xx_hal_uart.o
HAL_DMA_Abort_IT                                  build/debug/stm32f4xx_hal_dma.o
                                                  build/debug/stm32f4xx_hal_uart.o
                                                  build/debug/stm32f4xx_hal_tim_ex.o
                                                  build/debug/stm32f4xx_hal_tim.o
HAL_DMA_DeInit                                    build/debug/stm32f4xx_hal_dma.o
HAL_DMA_GetError                                  build/debug/stm32f4xx_hal_dma.o
                                                  build/debug/stm32f4xx_hal_uart.o
HAL_DMA_GetState                                  build/debug/stm32f4xx_hal_dma.o
HAL_DMA_IRQHandler                                build/debug/stm32f4xx_hal_dma.o
HAL_DMA_Init                                      build/debug/stm32f4xx_hal_dma.o
HAL_DMA_PollForTransfer                           build/debug/stm32f4xx_hal_dma.o
HAL_DMA_RegisterCallback                          build/debug/stm32f4xx_hal_dma.o
HAL_DMA_Start                                     build/debug/stm32f4xx_hal_dma.o
HAL_DMA_Start_IT                                  build/debug/stm32f4xx_hal_dma.o
                                                  build/debug/stm32f4xx_hal_uart.o
                                                  build/debug/stm32f4xx_hal_tim_ex.o
                                                  build/debug/stm32f4xx_hal_tim.o
HAL_DMA_UnRegisterCallback                        build/debug/stm32f4xx_hal_dma.o
HAL_DeInit                                        build/debug/stm32f4xx_hal.o
HAL_Delay                                         build/debug/stm32f4xx_hal.o
HAL_DisableCompensationCell                       build/debug/stm32f4xx_hal.o
HAL_EXTI_ClearConfigLine                          build/debug/stm32f4xx_hal_exti.o
HAL_EXTI_ClearPending                             build/debug/stm32f4xx_hal_exti.o
HAL_EXTI_GenerateSWI                              build/debug/stm32f4xx_hal_exti.o
HAL_EXTI_GetConfigLine                            build/debug/stm32f4xx_hal_exti.o
HAL_EXTI_GetHandle                                build/debug/stm32f4xx_hal_exti.o
HAL_EXTI_GetPending                               build/debug/stm32f4xx_hal_exti.o
HAL_EXTI_IRQHandler                               build/debug/stm32f4xx_hal_exti.o
HAL_EXTI_RegisterCallback                         build/debug/stm32f4xx_hal_exti.o
HAL_EXTI_SetConfigLine                            build/debug/stm32f4xx_hal_exti.o
HAL_EnableCompensationCell                        build/debug/stm32f4xx_hal.o
HAL_FLASHEx_AdvOBGetConfig                        build/debug/stm32f4xx_hal_flash_ex.o
HAL_FLASHEx_AdvOBProgram                          build/debug/stm32f4xx_hal_flash_ex.o
HAL_FLASHEx_Erase                                 build/debug/stm32f4xx_hal_flash_ex.o
HAL_FLASHEx_Erase_IT                              build/debug/stm32f4xx_hal_flash_ex.o
HAL_FLASHEx_OBGetConfig                           build/debug/stm32f4xx_hal_flash_ex.o
HAL_FLASHEx_OBProgram                             build/debug/stm32f4xx_hal_flash_ex.o
HAL_FLASHEx_OB_DeSelectPCROP                      build/debug/stm32f4xx_hal_flash_ex.o
HAL_FLASHEx_OB_SelectPCROP                        build/debug/stm32f4xx_hal_flash_ex.o
HAL_FLASH_EndOfOperationCallback                  build/debug/stm32f4xx_hal_flash.o
HAL_FLASH_GetError                                build/debug/stm32f4xx_hal_flash.o
HAL_FLASH_IRQHandler                              build/debug/stm32f4xx_hal_flash.o
HAL_FLASH_Lock                                    build/debug/stm32f4xx_hal_flash.o
HAL_FLASH_OB_Launch                               build/debug/stm32f4xx_hal_flash.o
HAL_FLASH_OB_Lock                                 build/debug/stm32f4xx_hal_flash.o
HAL_FLASH_OB_Unlock                               build/debug/stm32f4xx_hal_flash.o
HAL_FLASH_OperationErrorCallback                  build/debug/stm32f4xx_hal_flash.o
HAL_FLASH_Program                                 build/debug/stm32f4xx_hal_flash.o
HAL_FLASH_Program_IT                              build/debug/stm32f4xx_hal_flash.o
HAL_FLASH_Unlock                                  build/debug/stm32f4xx_hal_flash.o
HAL_GPIO_DeInit                                   build/debug/stm32f4xx_hal_gpio.o
                                                  build/debug/stm32f4xx_hal_msp.o
HAL_GPIO_EXTI_Callback                            build/debug/main.o
HAL_GPIO_EXTI_IRQHandler                          build/debug/stm32f4xx_hal_gpio.o
                                                  build/debug/stm32f4xx_it.o
HAL_GPIO_Init                                     build/debug/stm32f4xx_hal_gpio.o
                                                  build/debug/stm32f4xx_hal_rcc.o
                                                  build/debug/stm32f4xx_hal_msp.o
                                                  build/debug/main.o
HAL_GPIO_LockPin                                  build/debug/stm32f4xx_hal_gpio.o
HAL_GPIO_ReadPin                                  build/debug/stm32f4xx_hal_gpio.o
HAL_GPIO_TogglePin                                build/debug/stm32f4xx_hal_gpio.o
HAL_GPIO_WritePin                                 build/debug/stm32f4xx_hal_gpio.o
                                                  build/debug/main.o
HAL_GetDEVID                                      build/debug/stm32f4xx_hal.o
HAL_GetHalVersion                                 build/debug/stm32f4xx_hal.o
HAL_GetREVID                                      build/debug/stm32f4xx_hal.o
HAL_GetTick                                       build/debug/stm32f4xx_hal.o
                                                  build/debug/stm32f4xx_hal_uart.o
                                                  build/debug/stm32f4xx_hal_rcc_ex.o
                                                  build/debug/stm32f4xx_hal_rcc.o
                                                  build/debug/stm32f4xx_hal_pwr_ex.o
                                                  build/debug/stm32f4xx_hal_flash.o
                                                  build/debug/stm32f4xx_hal_dma.o
HAL_GetTickFreq                                   build/debug/stm32f4xx_hal.o
HAL_GetTickPrio                                   build/debug/stm32f4xx_hal.o
HAL_GetUIDw0                                      build/debug/stm32f4xx_hal.o
HAL_GetUIDw1                                      build/debug/stm32f4xx_hal.o
HAL_GetUIDw2                                      build/debug/stm32f4xx_hal.o
HAL_HalfDuplex_EnableReceiver                     build/debug/stm32f4xx_hal_uart.o
HAL_HalfDuplex_EnableTransmitter                  build/debug/stm32f4xx_hal_uart.o
HAL_HalfDuplex_Init                               build/debug/stm32f4xx_hal_uart.o
HAL_IncTick                                       build/debug/stm32f4xx_hal.o
                                                  build/debug/stm32f4xx_it.o
HAL_Init                                          build/debug/stm32f4xx_hal.o
                                                  build/debug/main.o
HAL_InitTick                                      build/debug/stm32f4xx_hal.o
                                                  build/debug/stm32f4xx_hal_rcc_ex.o
                                                  build/debug/stm32f4xx_hal_rcc.o
HAL_LIN_Init                                      build/debug/stm32f4xx_hal_uart.o
HAL_LIN_SendBreak                                 build/debug/stm32f4xx_hal_uart.o
HAL_MPU_ConfigRegion                              build/debug/stm32f4xx_hal_cortex.o
HAL_MPU_Disable                                   build/debug/stm32f4xx_hal_cortex.o
HAL_MPU_DisableRegion                             build/debug/stm32f4xx_hal_cortex.o
HAL_MPU_Enable                                    build/debug/stm32f4xx_hal_cortex.o
HAL_MPU_EnableRegion                              build/debug/stm32f4xx_hal_cortex.o
HAL_MspDeInit                                     build/debug/stm32f4xx_hal.o
HAL_MspInit                                       build/debug/stm32f4xx_hal_msp.o
                                                  build/debug/stm32f4xx_hal.o
HAL_MultiProcessor_EnterMuteMode                  build/debug/stm32f4xx_hal_uart.o
HAL_MultiProcessor_ExitMuteMode                   build/debug/stm32f4xx_hal_uart.o
HAL_MultiProcessor_Init                           build/debug/stm32f4xx_hal_uart.o
HAL_NVIC_ClearPendingIRQ                          build/debug/stm32f4xx_hal_cortex.o
HAL_NVIC_DisableIRQ                               build/debug/stm32f4xx_hal_cortex.o
                                                  build/debug/stm32f4xx_hal_msp.o
HAL_NVIC_EnableIRQ                                build/debug/stm32f4xx_hal_cortex.o
                                                  build/debug/stm32f4xx_hal_msp.o
                                                  build/debug/main.o
HAL_NVIC_GetActive                                build/debug/stm32f4xx_hal_cortex.o
HAL_NVIC_GetPendingIRQ                            build/debug/stm32f4xx_hal_cortex.o
HAL_NVIC_GetPriority                              build/debug/stm32f4xx_hal_cortex.o
HAL_NVIC_GetPriorityGrouping                      build/debug/stm32f4xx_hal_cortex.o
HAL_NVIC_SetPendingIRQ                            build/debug/stm32f4xx_hal_cortex.o
HAL_NVIC_SetPriority                              build/debug/stm32f4xx_hal_cortex.o
                                                  build/debug/stm32f4xx_hal_msp.o
                                                  build/debug/stm32f4xx_hal.o
                                                  build/debug/main.o
HAL_NVIC_SetPriorityGrouping                      build/debug/stm32f4xx_hal_cortex.o
                                                  build/debug/stm32f4xx_hal.o
HAL_NVIC_SystemReset                              build/debug/stm32f4xx_hal_cortex.o
HAL_PWREx_ControlVoltageScaling                   build/debug/stm32f4xx_hal_pwr_ex.o
HAL_PWREx_DisableBkUpReg                          build/debug/stm32f4xx_hal_pwr_ex.o
HAL_PWREx_DisableFlashPowerDown                   build/debug/stm32f4xx_hal_pwr_ex.o
HAL_PWREx_DisableLowRegulatorLowVoltage           build/debug/stm32f4xx_hal_pwr_ex.o
HAL_PWREx_DisableMainRegulatorLowVoltage          build/debug/stm32f4xx_hal_pwr_ex.o
HAL_PWREx_EnableBkUpReg                           build/debug/stm32f4xx_hal_pwr_ex.o
HAL_PWREx_EnableFlashPowerDown                    build/debug/stm32f4xx_hal_pwr_ex.o
HAL_PWREx_EnableLowRegulatorLowVoltage            build/debug/stm32f4xx_hal_pwr_ex.o
HAL_PWREx_EnableMainRegulatorLowVoltage           build/debug/stm32f4xx_hal_pwr_ex.o
HAL_PWREx_GetVoltageRange                         build/debug/stm32f4xx_hal_pwr_ex.o
HAL_PWR_ConfigPVD                                 build/debug/stm32f4xx_hal_pwr.o
HAL_PWR_DeInit                                    build/debug/stm32f4xx_hal_pwr.o
HAL_PWR_DisableBkUpAccess                         build/debug/stm32f4xx_hal_pwr.o
HAL_PWR_DisablePVD                                build/debug/stm32f4xx_hal_pwr.o
HAL_PWR_DisableSEVOnPend                          build/debug/stm32f4xx_hal_pwr.o
HAL_PWR_DisableSleepOnExit                        build/debug/stm32f4xx_hal_pwr.o
HAL_PWR_DisableWakeUpPin                          build/debug/stm32f4xx_hal_pwr.o
HAL_PWR_EnableBkUpAccess                          build/debug/stm32f4xx_hal_pwr.o
HAL_PWR_EnablePVD                                 build/debug/stm32f4xx_hal_pwr.o
HAL_PWR_EnableSEVOnPend                           build/debug/stm32f4xx_hal_pwr.o
HAL_PWR_EnableSleepOnExit                         build/debug/stm32f4xx_hal_pwr.o
HAL_PWR_EnableWakeUpPin                           build/debug/stm32f4xx_hal_pwr.o
HAL_PWR_EnterSLEEPMode                            build/debug/stm32f4xx_hal_pwr.o
HAL_PWR_EnterSTANDBYMode                          build/debug/stm32f4xx_hal_pwr.o
HAL_PWR_EnterSTOPMode                             build/debug/stm32f4xx_hal_pwr.o
HAL_PWR_PVDCallback                               build/debug/stm32f4xx_hal_pwr.o
HAL_PWR_PVD_IRQHandler                            build/debug/stm32f4xx_hal_pwr.o
HAL_RCCEx_DisablePLLI2S                           build/debug/stm32f4xx_hal_rcc_ex.o
HAL_RCCEx_EnablePLLI2S                            build/debug/stm32f4xx_hal_rcc_ex.o
HAL_RCCEx_GetPeriphCLKConfig                      build/debug/stm32f4xx_hal_rcc_ex.o
HAL_RCCEx_GetPeriphCLKFreq                        build/debug/stm32f4xx_hal_rcc_ex.o
HAL_RCCEx_PeriphCLKConfig                         build/debug/stm32f4xx_hal_rcc_ex.o
HAL_RCC_CSSCallback                               build/debug/stm32f4xx_hal_rcc.o
HAL_RCC_ClockConfig                               build/debug/stm32f4xx_hal_rcc.o
                                                  build/debug/main.o
HAL_RCC_DeInit                                    build/debug/stm32f4xx_hal_rcc_ex.o
                                                  build/debug/stm32f4xx_hal_rcc.o
HAL_RCC_DisableCSS                                build/debug/stm32f4xx_hal_rcc.o
HAL_RCC_EnableCSS                                 build/debug/stm32f4xx_hal_rcc.o
HAL_RCC_GetClockConfig                            build/debug/stm32f4xx_hal_rcc.o
HAL_RCC_GetHCLKFreq                               build/debug/stm32f4xx_hal_rcc.o
HAL_RCC_GetOscConfig                              build/debug/stm32f4xx_hal_rcc.o
HAL_RCC_GetPCLK1Freq                              build/debug/stm32f4xx_hal_rcc.o
                                                  build/debug/stm32f4xx_hal_uart.o
HAL_RCC_GetPCLK2Freq                              build/debug/stm32f4xx_hal_rcc.o
                                                  build/debug/stm32f4xx_hal_uart.o
HAL_RCC_GetSysClockFreq                           build/debug/stm32f4xx_hal_rcc.o
HAL_RCC_MCOConfig                                 build/debug/stm32f4xx_hal_rcc.o
HAL_RCC_NMI_IRQHandler                            build/debug/stm32f4xx_hal_rcc.o
HAL_RCC_OscConfig                                 build/debug/stm32f4xx_hal_rcc.o
                                                  build/debug/main.o
HAL_ResumeTick                                    build/debug/stm32f4xx_hal.o
HAL_SYSTICK_CLKSourceConfig                       build/debug/stm32f4xx_hal_cortex.o
HAL_SYSTICK_Callback                              build/debug/stm32f4xx_hal_cortex.o
HAL_SYSTICK_Config                                build/debug/stm32f4xx_hal_cortex.o
                                                  build/debug/stm32f4xx_hal.o
HAL_SYSTICK_IRQHandler                            build/debug/stm32f4xx_hal_cortex.o
HAL_SetTickFreq                                   build/debug/stm32f4xx_hal.o
HAL_SuspendTick                                   build/debug/stm32f4xx_hal.o
HAL_TIMEx_BreakCallback                           build/debug/stm32f4xx_hal_tim_ex.o
                                                  build/debug/stm32f4xx_hal_tim.o
HAL_TIMEx_CommutCallback                          build/debug/stm32f4xx_hal_tim_ex.o
                                                  build/debug/stm32f4xx_hal_tim.o
HAL_TIMEx_CommutHalfCpltCallback                  build/debug/stm32f4xx_hal_tim_ex.o
HAL_TIMEx_ConfigBreakDeadTime                     build/debug/stm32f4xx_hal_tim_ex.o
HAL_TIMEx_ConfigCommutEvent                       build/debug/stm32f4xx_hal_tim_ex.o
HAL_TIMEx_ConfigCommutEvent_DMA                   build/debug/stm32f4xx_hal_tim_ex.o
HAL_TIMEx_ConfigCommutEvent_IT                    build/debug/stm32f4xx_hal_tim_ex.o
HAL_TIMEx_GetChannelNState                        build/debug/stm32f4xx_hal_tim_ex.o
HAL_TIMEx_HallSensor_DeInit                       build/debug/stm32f4xx_hal_tim_ex.o
HAL_TIMEx_HallSensor_GetState                     build/debug/stm32f4xx_hal_tim_ex.o
HAL_TIMEx_HallSensor_Init                         build/debug/stm32f4xx_hal_tim_ex.o
HAL_TIMEx_HallSensor_MspDeInit                    build/debug/stm32f4xx_hal_tim_ex.o
HAL_TIMEx_HallSensor_MspInit                      build/debug/stm32f4xx_hal_tim_ex.o
HAL_TIMEx_HallSensor_Start                        build/debug/stm32f4xx_hal_tim_ex.o
HAL_TIMEx_HallSensor_Start_DMA                    build/debug/stm32f4xx_hal_tim_ex.o
HAL_TIMEx_HallSensor_Start_IT                     build/debug/stm32f4xx_hal_tim_ex.o
HAL_TIMEx_HallSensor_Stop                         build/debug/stm32f4xx_hal_tim_ex.o
HAL_TIMEx_HallSensor_Stop_DMA                     build/debug/stm32f4xx_hal_tim_ex.o
HAL_TIMEx_HallSensor_Stop_IT                      build/debug/stm32f4xx_hal_tim_ex.o
HAL_TIMEx_MasterConfigSynchronization             build/debug/stm32f4xx_hal_tim_ex.o
                                                  build/debug/main.o
HAL_TIMEx_OCN_Start                               build/debug/stm32f4xx_hal_tim_ex.o
HAL_TIMEx_OCN_Start_DMA                           build/debug/stm32f4xx_hal_tim_ex.o
HAL_TIMEx_OCN_Start_IT                            build/debug/stm32f4xx_hal_tim_ex.o
HAL_TIMEx_OCN_Stop                                build/debug/stm32f4xx_hal_tim_ex.o
HAL_TIMEx_OCN_Stop_DMA                            build/debug/stm32f4xx_hal_tim_ex.o
HAL_TIMEx_OCN_Stop_IT                             build/debug/stm32f4xx_hal_tim_ex.o
HAL_TIMEx_OnePulseN_Start                         build/debug/stm32f4xx_hal_tim_ex.o
HAL_TIMEx_OnePulseN_Start_IT                      build/debug/stm32f4xx_hal_tim_ex.o
HAL_TIMEx_OnePulseN_Stop                          build/debug/stm32f4xx_hal_tim_ex.o
HAL_TIMEx_OnePulseN_Stop_IT                       build/debug/stm32f4xx_hal_tim_ex.o
HAL_TIMEx_PWMN_Start                              build/debug/stm32f4xx_hal_tim_ex.o
HAL_TIMEx_PWMN_Start_DMA                          build/debug/stm32f4xx_hal_tim_ex.o
HAL_TIMEx_PWMN_Start_IT                           build/debug/stm32f4xx_hal_tim_ex.o
HAL_TIMEx_PWMN_Stop                               build/debug/stm32f4xx_hal_tim_ex.o
HAL_TIMEx_PWMN_Stop_DMA                           build/debug/stm32f4xx_hal_tim_ex.o
HAL_TIMEx_PWMN_Stop_IT                            build/debug/stm32f4xx_hal_tim_ex.o
HAL_TIMEx_RemapConfig                             build/debug/stm32f4xx_hal_tim_ex.o
HAL_TIM_Base_DeInit                               build/debug/stm32f4xx_hal_tim.o
HAL_TIM_Base_GetState                             build/debug/stm32f4xx_hal_tim.o
HAL_TIM_Base_Init                                 build/debug/stm32f4xx_hal_tim.o
                                                  build/debug/main.o
HAL_TIM_Base_MspDeInit                            build/debug/stm32f4xx_hal_msp.o
HAL_TIM_Base_MspInit                              build/debug/stm32f4xx_hal_msp.o
HAL_TIM_Base_Start                                build/debug/stm32f4xx_hal_tim.o
                                                  build/debug/main.o
HAL_TIM_Base_Start_DMA                            build/debug/stm32f4xx_hal_tim.o
HAL_TIM_Base_Start_IT                             build/debug/stm32f4xx_hal_tim.o
HAL_TIM_Base_Stop                                 build/debug/stm32f4xx_hal_tim.o
HAL_TIM_Base_Stop_DMA                             build/debug/stm32f4xx_hal_tim.o
HAL_TIM_Base_Stop_IT                              build/debug/stm32f4xx_hal_tim.o
HAL_TIM_ConfigClockSource                         build/debug/stm32f4xx_hal_tim.o
                                                  build/debug/main.o
HAL_TIM_ConfigOCrefClear                          build/debug/stm32f4xx_hal_tim.o
HAL_TIM_ConfigTI1Input                            build/debug/stm32f4xx_hal_tim.o
HAL_TIM_DMABurstState                             build/debug/stm32f4xx_hal_tim.o
HAL_TIM_DMABurst_MultiReadStart                   build/debug/stm32f4xx_hal_tim.o
HAL_TIM_DMABurst_MultiWriteStart                  build/debug/stm32f4xx_hal_tim.o
HAL_TIM_DMABurst_ReadStart                        build/debug/stm32f4xx_hal_tim.o
HAL_TIM_DMABurst_ReadStop                         build/debug/stm32f4xx_hal_tim.o
HAL_TIM_DMABurst_WriteStart                       build/debug/stm32f4xx_hal_tim.o
HAL_TIM_DMABurst_WriteStop                        build/debug/stm32f4xx_hal_tim.o
HAL_TIM_Encoder_DeInit                            build/debug/stm32f4xx_hal_tim.o
HAL_TIM_Encoder_GetState                          build/debug/stm32f4xx_hal_tim.o
HAL_TIM_Encoder_Init                              build/debug/stm32f4xx_hal_tim.o
HAL_TIM_Encoder_MspDeInit                         build/debug/stm32f4xx_hal_tim.o
HAL_TIM_Encoder_MspInit                           build/debug/stm32f4xx_hal_tim.o
HAL_TIM_Encoder_Start                             build/debug/stm32f4xx_hal_tim.o
HAL_TIM_Encoder_Start_DMA                         build/debug/stm32f4xx_hal_tim.o
HAL_TIM_Encoder_Start_IT                          build/debug/stm32f4xx_hal_tim.o
HAL_TIM_Encoder_Stop                              build/debug/stm32f4xx_hal_tim.o
HAL_TIM_Encoder_Stop_DMA                          build/debug/stm32f4xx_hal_tim.o
HAL_TIM_Encoder_Stop_IT                           build/debug/stm32f4xx_hal_tim.o
HAL_TIM_ErrorCallback                             build/debug/stm32f4xx_hal_tim.o
                                                  build/debug/stm32f4xx_hal_tim_ex.o
HAL_TIM_GenerateEvent                             build/debug/stm32f4xx_hal_tim.o
HAL_TIM_GetActiveChannel                          build/debug/stm32f4xx_hal_tim.o
HAL_TIM_GetChannelState                           build/debug/stm32f4xx_hal_tim.o
HAL_TIM_IC_CaptureCallback                        build/debug/stm32f4xx_hal_tim.o
HAL_TIM_IC_CaptureHalfCpltCallback                build/debug/stm32f4xx_hal_tim.o
HAL_TIM_IC_ConfigChannel                          build/debug/stm32f4xx_hal_tim.o
HAL_TIM_IC_DeInit                                 build/debug/stm32f4xx_hal_tim.o
HAL_TIM_IC_GetState                               build/debug/stm32f4xx_hal_tim.o
HAL_TIM_IC_Init                                   build/debug/stm32f4xx_hal_tim.o
HAL_TIM_IC_MspDeInit                              build/debug/stm32f4xx_hal_tim.o
HAL_TIM_IC_MspInit                                build/debug/stm32f4xx_hal_tim.o
HAL_TIM_IC_Start                                  build/debug/stm32f4xx_hal_tim.o
HAL_TIM_IC_Start_DMA                              build/debug/stm32f4xx_hal_tim.o
HAL_TIM_IC_Start_IT                               build/debug/stm32f4xx_hal_tim.o
HAL_TIM_IC_Stop                                   build/debug/stm32f4xx_hal_tim.o
HAL_TIM_IC_Stop_DMA                               build/debug/stm32f4xx_hal_tim.o
HAL_TIM_IC_Stop_IT                                build/debug/stm32f4xx_hal_tim.o
HAL_TIM_IRQHandler                                build/debug/stm32f4xx_hal_tim.o
                                                  build/debug/stm32f4xx_it.o
HAL_TIM_OC_ConfigChannel                          build/debug/stm32f4xx_hal_tim.o
HAL_TIM_OC_DeInit                                 build/debug/stm32f4xx_hal_tim.o
HAL_TIM_OC_DelayElapsedCallback                   build/debug/stm32f4xx_hal_tim.o
HAL_TIM_OC_GetState                               build/debug/stm32f4xx_hal_tim.o
HAL_TIM_OC_Init                                   build/debug/stm32f4xx_hal_tim.o
HAL_TIM_OC_MspDeInit                              build/debug/stm32f4xx_hal_tim.o
HAL_TIM_OC_MspInit                                build/debug/stm32f4xx_hal_tim.o
HAL_TIM_OC_Start                                  build/debug/stm32f4xx_hal_tim.o
HAL_TIM_OC_Start_DMA                              build/debug/stm32f4xx_hal_tim.o
HAL_TIM_OC_Start_IT                               build/debug/stm32f4xx_hal_tim.o
HAL_TIM_OC_Stop                                   build/debug/stm32f4xx_hal_tim.o
HAL_TIM_OC_Stop_DMA                               build/debug/stm32f4xx_hal_tim.o
HAL_TIM_OC_Stop_IT                                build/debug/stm32f4xx_hal_tim.o
HAL_TIM_OnePulse_ConfigChannel                    build/debug/stm32f4xx_hal_tim.o
HAL_TIM_OnePulse_DeInit                           build/debug/stm32f4xx_hal_tim.o
HAL_TIM_OnePulse_GetState                         build/debug/stm32f4xx_hal_tim.o
HAL_TIM_OnePulse_Init                             build/debug/stm32f4xx_hal_tim.o
HAL_TIM_OnePulse_MspDeInit                        build/debug/stm32f4xx_hal_tim.o
HAL_TIM_OnePulse_MspInit                          build/debug/stm32f4xx_hal_tim.o
HAL_TIM_OnePulse_Start                            build/debug/stm32f4xx_hal_tim.o
HAL_TIM_OnePulse_Start_IT                         build/debug/stm32f4xx_hal_tim.o
HAL_TIM_OnePulse_Stop                             build/debug/stm32f4xx_hal_tim.o
HAL_TIM_OnePulse_Stop_IT                          build/debug/stm32f4xx_hal_tim.o
HAL_TIM_PWM_ConfigChannel                         build/debug/stm32f4xx_hal_tim.o
HAL_TIM_PWM_DeInit                                build/debug/stm32f4xx_hal_tim.o
HAL_TIM_PWM_GetState                              build/debug/stm32f4xx_hal_tim.o
HAL_TIM_PWM_Init                                  build/debug/stm32f4xx_hal_tim.o
HAL_TIM_PWM_MspDeInit                             build/debug/stm32f4xx_hal_tim.o
HAL_TIM_PWM_MspInit                               build/debug/stm32f4xx_hal_tim.o
HAL_TIM_PWM_PulseFinishedCallback                 build/debug/stm32f4xx_hal_tim.o
                                                  build/debug/stm32f4xx_hal_tim_ex.o
HAL_TIM_PWM_PulseFinishedHalfCpltCallback         build/debug/stm32f4xx_hal_tim.o
HAL_TIM_PWM_Start                                 build/debug/stm32f4xx_hal_tim.o
HAL_TIM_PWM_Start_DMA                             build/debug/stm32f4xx_hal_tim.o
HAL_TIM_PWM_Start_IT                              build/debug/stm32f4xx_hal_tim.o
HAL_TIM_PWM_Stop                                  build/debug/stm32f4xx_hal_tim.o
HAL_TIM_PWM_Stop_DMA                              build/debug/stm32f4xx_hal_tim.o
HAL_TIM_PWM_Stop_IT                               build/debug/stm32f4xx_hal_tim.o
HAL_TIM_PeriodElapsedCallback                     build/debug/stm32f4xx_hal_tim.o
HAL_TIM_PeriodElapsedHalfCpltCallback             build/debug/stm32f4xx_hal_tim.o
HAL_TIM_ReadCapturedValue                         build/debug/stm32f4xx_hal_tim.o
HAL_TIM_SlaveConfigSynchro                        build/debug/stm32f4xx_hal_tim.o
HAL_TIM_SlaveConfigSynchro_IT                     build/debug/stm32f4xx_hal_tim.o
HAL_TIM_TriggerCallback                           build/debug/stm32f4xx_hal_tim.o
HAL_TIM_TriggerHalfCpltCallback                   build/debug/stm32f4xx_hal_tim.o
HAL_UARTEx_GetRxEventType                         build/debug/stm32f4xx_hal_uart.o
HAL_UARTEx_ReceiveToIdle                          build/debug/stm32f4xx_hal_uart.o
HAL_UARTEx_ReceiveToIdle_DMA                      build/debug/stm32f4xx_hal_uart.o
HAL_UARTEx_ReceiveToIdle_IT                       build/debug/stm32f4xx_hal_uart.o
HAL_UARTEx_RxEventCallback                        build/debug/stm32f4xx_hal_uart.o
HAL_UART_Abort                                    build/debug/stm32f4xx_hal_uart.o
HAL_UART_AbortCpltCallback                        build/debug/stm32f4xx_hal_uart.o
HAL_UART_AbortReceive                             build/debug/stm32f4xx_hal_uart.o
HAL_UART_AbortReceiveCpltCallback                 build/debug/stm32f4xx_hal_uart.o
HAL_UART_AbortReceive_IT                          build/debug/stm32f4xx_hal_uart.o
HAL_UART_AbortTransmit                            build/debug/stm32f4xx_hal_uart.o
HAL_UART_AbortTransmitCpltCallback                build/debug/stm32f4xx_hal_uart.o
HAL_UART_AbortTransmit_IT                         build/debug/stm32f4xx_hal_uart.o
HAL_UART_Abort_IT                                 build/debug/stm32f4xx_hal_uart.o
HAL_UART_DMAPause                                 build/debug/stm32f4xx_hal_uart.o
HAL_UART_DMAResume                                build/debug/stm32f4xx_hal_uart.o
HAL_UART_DMAStop                                  build/debug/stm32f4xx_hal_uart.o
HAL_UART_DeInit                                   build/debug/stm32f4xx_hal_uart.o
HAL_UART_ErrorCallback                            build/debug/stm32f4xx_hal_uart.o
HAL_UART_GetError                                 build/debug/stm32f4xx_hal_uart.o
HAL_UART_GetState                                 build/debug/stm32f4xx_hal_uart.o
HAL_UART_IRQHandler                               build/debug/stm32f4xx_hal_uart.o
HAL_UART_Init                                     build/debug/stm32f4xx_hal_uart.o
                                                  build/debug/main.o
HAL_UART_MspDeInit                                build/debug/stm32f4xx_hal_msp.o
HAL_UART_MspInit                                  build/debug/stm32f4xx_hal_msp.o
HAL_UART_Receive                                  build/debug/stm32f4xx_hal_uart.o
HAL_UART_Receive_DMA                              build/debug/stm32f4xx_hal_uart.o
HAL_UART_Receive_IT                               build/debug/stm32f4xx_hal_uart.o
HAL_UART_RxCpltCallback                           build/debug/stm32f4xx_hal_uart.o
HAL_UART_RxHalfCpltCallback                       build/debug/stm32f4xx_hal_uart.o
HAL_UART_Transmit                                 build/debug/stm32f4xx_hal_uart.o
HAL_UART_Transmit_DMA                             build/debug/stm32f4xx_hal_uart.o
HAL_UART_Transmit_IT                              build/debug/stm32f4xx_hal_uart.o
HAL_UART_TxCpltCallback                           build/debug/stm32f4xx_hal_uart.o
HAL_UART_TxHalfCpltCallback                       build/debug/stm32f4xx_hal_uart.o
HardFault_Handler                                 build/debug/stm32f4xx_it.o
HzToRPM                                           build/debug/main.o
I2C1_ER_IRQHandler                                build/debug/startup_stm32f401xe.o
I2C1_EV_IRQHandler                                build/debug/startup_stm32f401xe.o
I2C2_ER_IRQHandler                                build/debug/startup_stm32f401xe.o
I2C2_EV_IRQHandler                                build/debug/startup_stm32f401xe.o
I2C3_ER_IRQHandler                                build/debug/startup_stm32f401xe.o
I2C3_EV_IRQHandler                                build/debug/startup_stm32f401xe.o
MemManage_Handler                                 build/debug/stm32f4xx_it.o
MusTOhz                                           build/debug/main.o
NMI_Handler                                       build/debug/stm32f4xx_it.o
OTG_FS_IRQHandler                                 build/debug/startup_stm32f401xe.o
OTG_FS_WKUP_IRQHandler                            build/debug/startup_stm32f401xe.o
PVD_IRQHandler                                    build/debug/startup_stm32f401xe.o
PendSV_Handler                                    build/debug/stm32f4xx_it.o
RCC_IRQHandler                                    build/debug/startup_stm32f401xe.o
RPM                                               build/debug/main.o
RTC_Alarm_IRQHandler                              build/debug/startup_stm32f401xe.o
RTC_WKUP_IRQHandler                               build/debug/startup_stm32f401xe.o
Reset_Handler                                     build/debug/startup_stm32f401xe.o
SDIO_IRQHandler                                   build/debug/startup_stm32f401xe.o
SPI1_IRQHandler                                   build/debug/startup_stm32f401xe.o
SPI2_IRQHandler                                   build/debug/startup_stm32f401xe.o
SPI3_IRQHandler                                   build/debug/startup_stm32f401xe.o
SPI4_IRQHandler                                   build/debug/startup_stm32f401xe.o
SVC_Handler                                       build/debug/stm32f4xx_it.o
SysTick_Handler                                   build/debug/stm32f4xx_it.o
SystemClock_Config                                build/debug/main.o